Restoring modules from user's confine_module
'confining_string_solver'  0.01 ms
'confining_string_solver'  0.01 ms
'confining_string_solver'  0.01 ms
'confining_string_solver'  0.01 ms
'confining_string_solver'  0.01 ms
'confining_string_solver'  0.01 ms
'confining_string_solver'  0.01 ms
'confining_string_solver'  0.01 ms
'confining_string_solver'  0.01 ms
'confining_string_solver'  0.01 ms
'confining_string_solver'  0.01 ms
'confining_string_solver'  0.01 ms
'confining_string_solver'  0.01 ms
'confining_string_solver'  0.01 ms
'confining_string_solver'  0.01 ms
'confining_string_solver'  0.01 ms
'confining_string_solver'  0.01 ms
'confining_string_solver'  0.01 ms
'confining_string_solver'  0.01 ms
'confining_string_solver'  0.01 ms
'confining_string_solver'  0.01 ms
'confining_string_solver'  0.01 ms
'confining_string_solver'  0.01 ms
'confining_string_solver'  0.01 ms
'confining_string_solver'  0.01 ms
'confining_string_solver'  0.01 ms
'confining_string_solver'  0.01 ms
'confining_string_solver'  0.01 ms
'confining_string_solver'  0.01 ms
'confining_string_solver'  0.01 ms
'confining_string_solver'  0.01 ms
'confining_string_solver'  0.01 ms
'confining_string_solver'  0.02 ms
'confining_string_solver'  0.01 ms
'confining_string_solver'  0.01 ms
'confining_string_solver'  0.01 ms
'confining_string_solver'  0.01 ms
'confining_string_solver'  0.01 ms
'confining_string_solver'  0.01 ms
'confining_string_solver'  0.01 ms
'confining_string_solver'  0.01 ms
'confining_string_solver'  0.01 ms
'confining_string_solver'  0.01 ms
'confining_string_solver'  0.01 ms
'confining_string_solver'  0.01 ms
'confining_string_solver'  0.01 ms
'confining_string_solver'  0.01 ms
'confining_string_solver'  0.01 ms
'confining_string_solver'  0.01 ms
'confining_string_solver'  0.01 ms
'confining_string_solver'  0.01 ms
'confining_string_solver'  0.01 ms
'confining_string_solver'  0.01 ms
'confining_string_solver'  0.01 ms
'confining_string_solver'  0.01 ms
'confining_string_solver'  0.01 ms
'confining_string_solver'  0.01 ms
'confining_string_solver'  0.01 ms
'confining_string_solver'  0.01 ms
'confining_string_solver'  0.01 ms
'confining_string_solver'  0.01 ms
'confining_string_solver'  0.01 ms
'confining_string_solver'  0.02 ms
'confining_string_solver'  0.01 ms
'confining_string_solver'  0.01 ms
'confining_string_solver'  0.01 ms
'confining_string_solver'  0.01 ms
'confining_string_solver'  0.01 ms
'confining_string_solver'  0.01 ms
'confining_string_solver'  0.01 ms
'confining_string_solver'  0.01 ms
'confining_string_solver'  0.01 ms
'confining_string_solver'  0.01 ms
'confining_string_solver'  0.01 ms
'confining_string_solver'  0.01 ms
'confining_string_solver'  0.01 ms
'confining_string_solver'  0.01 ms
'confining_string_solver'  0.01 ms
'confining_string_solver'  0.01 ms
'confining_string_solver'  0.01 ms
'confining_string_solver'  0.01 ms
'confining_string_solver'  0.02 ms
'confining_string_solver'  0.01 ms
'confining_string_solver'  0.01 ms
'confining_string_solver'  0.01 ms
'confining_string_solver'  0.01 ms
'confining_string_solver'  0.01 ms
'confining_string_solver'  0.01 ms
'confining_string_solver'  0.01 ms
'confining_string_solver'  0.01 ms
'confining_string_solver'  0.01 ms
'confining_string_solver'  0.01 ms
'confining_string_solver'  0.01 ms
'confining_string_solver'  0.01 ms
'confining_string_solver'  0.01 ms
'confining_string_solver'  0.02 ms
'confining_string_solver'  0.01 ms
'confining_string_solver'  0.01 ms
'confining_string_solver'  0.01 ms
'confining_string_solver'  0.01 ms
'confining_string_solver'  0.01 ms
'confining_string_solver'  0.01 ms
'confining_string_solver'  0.01 ms
'confining_string_solver'  0.01 ms
'confining_string_solver'  0.01 ms
'confining_string_solver'  0.01 ms
'confining_string_solver'  0.01 ms
'confining_string_solver'  0.01 ms
'confining_string_solver'  0.01 ms
'confining_string_solver'  0.01 ms
'confining_string_solver'  0.01 ms
'confining_string_solver'  0.01 ms
'confining_string_solver'  0.01 ms
'confining_string_solver'  0.01 ms
'confining_string_solver'  0.01 ms
'confining_string_solver'  0.01 ms
'confining_string_solver'  0.01 ms
'confining_string_solver'  0.01 ms
'confining_string_solver'  0.01 ms
'confining_string_solver'  0.01 ms
'confining_string_solver'  0.01 ms
'confining_string_solver'  0.01 ms
'confining_string_solver'  0.01 ms
'confining_string_solver'  0.01 ms
'confining_string_solver'  0.01 ms
'confining_string_solver'  0.01 ms
'confining_string_solver'  0.01 ms
'confining_string_solver'  0.01 ms
'confining_string_solver'  0.01 ms
'confining_string_solver'  0.01 ms
'confining_string_solver'  0.01 ms
'confining_string_solver'  0.01 ms
'confining_string_solver'  0.01 ms
'confining_string_solver'  0.01 ms
'confining_string_solver'  0.01 ms
'confining_string_solver'  0.01 ms
'confining_string_solver'  0.01 ms
'confining_string_solver'  0.01 ms
'confining_string_solver'  0.02 ms
'confining_string_solver'  0.01 ms

Attributes:
N = 2
charge_arg = w1
bound_arg = x1
epsilon = 0.09
L = 30
w = 40
h = 0.1
R = 10
use_half_grid = True
sor = 1.96
tolerance = 1e-09
error = 9.92408156359698e-10
max loop = 1045
initial keyword = BPS
gradient energy = 80.00772376033531
potential energy = 36.45658092515484
energy = 116.46430468549013
separation = 3.3000000000000007

'confining_string_solver'  34179.43 ms

Attributes:
N = 2
charge_arg = w1
bound_arg = x1
epsilon = 0.12
L = 30
w = 40
h = 0.1
R = 20
use_half_grid = True
sor = 1.96
tolerance = 1e-09
error = 9.98892758519757e-10
max loop = 2853
initial keyword = BPS
gradient energy = 132.65155062726748
potential energy = 75.19293608883473
energy = 207.8444867161022
separation = 5.099999999999998

'confining_string_solver'  34599.55 ms

Attributes:
N = 2
charge_arg = w1
bound_arg = x1
epsilon = 0.12
L = 30
w = 40
h = 0.1
R = 10
use_half_grid = True
sor = 1.96
tolerance = 1e-09
error = 9.880098995295211e-10
max loop = 1100
initial keyword = BPS
gradient energy = 90.62607061536883
potential energy = 35.79213690791882
energy = 126.41820752328765
separation = 3.6999999999999993

'confining_string_solver'  38039.77 ms

Attributes:
N = 2
charge_arg = w1
bound_arg = x1
epsilon = 0.09
L = 30
w = 40
h = 0.1
R = 20
use_half_grid = True
sor = 1.96
tolerance = 1e-09
error = 9.988061682307768e-10
max loop = 2789
initial keyword = BPS
gradient energy = 121.39607979857544
potential energy = 76.01563498850896
energy = 197.4117147870844
separation = 4.300000000000001

'confining_string_solver'  37330.38 ms

Attributes:
N = 2
charge_arg = w1
bound_arg = x1
epsilon = 0.09
L = 40
w = 40
h = 0.1
R = 30
use_half_grid = True
sor = 1.96
tolerance = 1e-09
error = 9.98429176219949e-10
max loop = 5132
initial keyword = BPS
gradient energy = 161.87387207902202
potential energy = 115.82775067407644
energy = 277.70162275309843
separation = 5.099999999999998

'confining_string_solver'  42495.49 ms

Attributes:
N = 2
charge_arg = w1
bound_arg = x1
epsilon = 0.12
L = 40
w = 40
h = 0.1
R = 30
use_half_grid = True
sor = 1.96
tolerance = 1e-09
error = 9.982854377121163e-10
max loop = 5192
initial keyword = BPS
gradient energy = 173.38499909570845
potential energy = 114.94317928935548
energy = 288.3281783850639
separation = 5.699999999999999

'confining_string_solver'  44009.39 ms

Attributes:
N = 2
charge_arg = w1
bound_arg = x1
epsilon = 0.09
L = 50
w = 40
h = 0.1
R = 40
use_half_grid = True
sor = 1.96
tolerance = 1e-09
error = 9.99113237799827e-10
max loop = 8080
initial keyword = BPS
gradient energy = 202.09908889768656
potential energy = 155.71504201752717
energy = 357.81413091521375
separation = 5.5000000000000036

'confining_string_solver'  46923.87 ms

Attributes:
N = 2
charge_arg = w1
bound_arg = x1
epsilon = 0.12
L = 50
w = 40
h = 0.1
R = 40
use_half_grid = True
sor = 1.96
tolerance = 1e-09
error = 9.999449611425022e-10
max loop = 8079
initial keyword = BPS
gradient energy = 213.75285764068457
potential energy = 154.8007011638373
energy = 368.5535588045218
separation = 6.300000000000001

'confining_string_solver'  50062.69 ms

Attributes:
N = 2
charge_arg = w1
bound_arg = x1
epsilon = 0.09
L = 60
w = 40
h = 0.1
R = 50
use_half_grid = True
sor = 1.96
tolerance = 1e-09
error = 9.996630958307456e-10
max loop = 11689
initial keyword = BPS
gradient energy = 242.21883734713697
potential energy = 195.63461085322112
energy = 437.8534482003581
separation = 5.699999999999999

'confining_string_solver'  51658.08 ms

Attributes:
N = 3
charge_arg = w1
bound_arg = x1
epsilon = 0.09
L = 30
w = 40
h = 0.1
R = 20
use_half_grid = True
sor = 1.96
tolerance = 1e-09
error = 9.99694219504187e-10
max loop = 2913
initial keyword = BPS
gradient energy = 167.6965078483988
potential energy = 98.99771635103407
energy = 266.6942241994328
separation = 4.699999999999999

'confining_string_solver'  55287.95 ms

Attributes:
N = 3
charge_arg = w1
bound_arg = x1
epsilon = 0.09
L = 30
w = 40
h = 0.1
R = 10
use_half_grid = True
sor = 1.96
tolerance = 1e-09
error = 9.991902081356658e-10
max loop = 1089
initial keyword = BPS
gradient energy = 111.08547812320364
potential energy = 48.57089910964194
energy = 159.65637723284559
separation = 3.099999999999998

'confining_string_solver'  55498.10 ms

Attributes:
N = 2
charge_arg = w1
bound_arg = x1
epsilon = 0.12
L = 60
w = 40
h = 0.1
R = 50
use_half_grid = True
sor = 1.96
tolerance = 1e-09
error = 9.994553382005322e-10
max loop = 11517
initial keyword = BPS
gradient energy = 253.96674538877122
potential energy = 194.70491926131317
energy = 448.6716646500844
separation = 6.699999999999999

'confining_string_solver'  56816.71 ms
'confining_string_solver'  0.01 ms
'confining_string_solver'  0.01 ms

Attributes:
N = 3
charge_arg = w1
bound_arg = x1
epsilon = 0.09
L = 40
w = 40
h = 0.1
R = 30
use_half_grid = True
sor = 1.96
tolerance = 1e-09
error = 9.9818677437641e-10
max loop = 5215
initial keyword = BPS
gradient energy = 221.21843872725458
potential energy = 150.42763110547799
energy = 371.6460698327326
separation = 5.699999999999999

'confining_string_solver'  69575.48 ms

Attributes:
N = 3
charge_arg = w1
bound_arg = x1
epsilon = 0.12
L = 30
w = 60
h = 0.1
R = 10
use_half_grid = True
sor = 1.96
tolerance = 1e-09
error = 9.936137789579116e-10
max loop = 1502
initial keyword = BPS
gradient energy = 129.20156939174186
potential energy = 48.58971828940885
energy = 177.7912876811507
separation = 3.099999999999998

'confining_string_solver'  70117.33 ms
'confining_string_solver'  0.01 ms

Attributes:
N = 3
charge_arg = w1
bound_arg = x1
epsilon = 0.12
L = 30
w = 60
h = 0.1
R = 20
use_half_grid = True
sor = 1.96
tolerance = 1e-09
error = 9.981087484894747e-10
max loop = 3111
initial keyword = BPS
gradient energy = 188.84837347966362
potential energy = 98.01779125973536
energy = 286.8661647393989
separation = 5.300000000000001

'confining_string_solver'  72375.93 ms
'confining_string_solver'  0.01 ms

Attributes:
N = 3
charge_arg = w1
bound_arg = x1
epsilon = 0.09
L = 50
w = 40
h = 0.1
R = 40
use_half_grid = True
sor = 1.96
tolerance = 1e-09
error = 9.990722041800017e-10
max loop = 7889
initial keyword = BPS
gradient energy = 273.9539030596652
potential energy = 202.1104661828673
energy = 476.06436924253245
separation = 6.5000000000000036

'confining_string_solver'  75885.00 ms
'confining_string_solver'  0.01 ms
'confining_string_solver'  0.01 ms
'confining_string_solver'  0.01 ms
'confining_string_solver'  0.01 ms
'confining_string_solver'  0.01 ms

Attributes:
N = 4
charge_arg = w2
bound_arg = x1
epsilon = 0.09
L = 30
w = 40
h = 0.1
R = 10
use_half_grid = True
sor = 1.96
tolerance = 1e-09
error = 9.985738606203224e-10
max loop = 1325
initial keyword = BPS
gradient energy = 159.62806838919448
potential energy = 52.56208836631387
energy = 212.19015675550833
separation = 4.099999999999998

'confining_string_solver'  76018.34 ms

Attributes:
N = 4
charge_arg = w1
bound_arg = x1
epsilon = 0.09
L = 30
w = 40
h = 0.1
R = 20
use_half_grid = True
sor = 1.96
tolerance = 1e-09
error = 9.988339996257564e-10
max loop = 9315
initial keyword = BPS
gradient energy = 181.50904958692973
potential energy = 108.87042686775962
energy = 290.3794764546893
separation = 1.9000000000000021

'confining_string_solver'  77016.17 ms

Attributes:
N = 4
charge_arg = w1
bound_arg = x1
epsilon = 0.09
L = 30
w = 40
h = 0.1
R = 10
use_half_grid = True
sor = 1.96
tolerance = 1e-09
error = 9.91629551098042e-10
max loop = 1432
initial keyword = BPS
gradient energy = 122.19444019084227
potential energy = 50.90899080272621
energy = 173.10343099356845
separation = 0.9000000000000021

'confining_string_solver'  78427.80 ms
'confining_string_solver'  0.01 ms

Attributes:
N = 3
charge_arg = w1
bound_arg = x1
epsilon = 0.12
L = 40
w = 60
h = 0.1
R = 30
use_half_grid = True
sor = 1.96
tolerance = 1e-09
error = 9.98010987375892e-10
max loop = 5639
initial keyword = BPS
gradient energy = 243.40082056136853
potential energy = 149.1241418392703
energy = 392.52496240063886
separation = 6.700000000000003

'confining_string_solver'  85712.30 ms
'confining_string_solver'  0.01 ms
'confining_string_solver'  0.01 ms
'confining_string_solver'  9.63 ms
'confining_string_solver'  0.01 ms
'confining_string_solver'  0.01 ms

Attributes:
N = 4
charge_arg = w2
bound_arg = x1
epsilon = 0.09
L = 30
w = 40
h = 0.1
R = 20
use_half_grid = True
sor = 1.96
tolerance = 1e-09
error = 9.966025584540889e-10
max loop = 3340
initial keyword = BPS
gradient energy = 225.58128701695097
potential energy = 106.51859109205347
energy = 332.0998781090044
separation = 6.5000000000000036

'confining_string_solver'  83687.07 ms
'confining_string_solver'  0.01 ms
'confining_string_solver'  0.01 ms
'confining_string_solver'  0.01 ms

Attributes:
N = 3
charge_arg = w1
bound_arg = x1
epsilon = 0.09
L = 60
w = 40
h = 0.1
R = 50
use_half_grid = True
sor = 1.96
tolerance = 1e-09
error = 9.994348092558715e-10
max loop = 10846
initial keyword = BPS
gradient energy = 326.3704891492838
potential energy = 253.89696276148263
energy = 580.2674519107665
separation = 6.900000000000002

'confining_string_solver'  90939.57 ms
'confining_string_solver'  0.01 ms
'confining_string_solver'  0.01 ms

Attributes:
N = 3
charge_arg = w1
bound_arg = x1
epsilon = 0.12
L = 50
w = 60
h = 0.1
R = 40
use_half_grid = True
sor = 1.96
tolerance = 1e-09
error = 9.98940836035465e-10
max loop = 8721
initial keyword = BPS
gradient energy = 296.66574789321623
potential energy = 200.64439327908957
energy = 497.31014117230586
separation = 7.5

'confining_string_solver'  97527.62 ms

Attributes:
N = 4
charge_arg = w2
bound_arg = x1
epsilon = 0.09
L = 40
w = 40
h = 0.1
R = 30
use_half_grid = True
sor = 1.96
tolerance = 1e-09
error = 9.993673635535926e-10
max loop = 5954
initial keyword = BPS
gradient energy = 285.73195762636715
potential energy = 161.99756190473704
energy = 447.72951953110424
separation = 7.900000000000002

'confining_string_solver'  94356.12 ms

Attributes:
N = 4
charge_arg = w1
bound_arg = x1
epsilon = 0.09
L = 40
w = 40
h = 0.1
R = 30
use_half_grid = True
sor = 1.96
tolerance = 1e-09
error = 9.994049353741254e-10
max loop = 5557
initial keyword = BPS
gradient energy = 241.81078365979755
potential energy = 163.93742019183202
energy = 405.7482038516296
separation = 4.300000000000001

'confining_string_solver'  98738.89 ms

Attributes:
N = 5
charge_arg = w2
bound_arg = x1
epsilon = 0.09
L = 30
w = 40
h = 0.1
R = 20
use_half_grid = True
sor = 1.96
tolerance = 1e-09
error = 9.996798163701282e-10
max loop = 3557
initial keyword = BPS
gradient energy = 261.11156057802646
potential energy = 111.52286716255794
energy = 372.63442774058444
separation = 6.699999999999999

'confining_string_solver'  95205.47 ms

Attributes:
N = 5
charge_arg = w1
bound_arg = x1
epsilon = 0.09
L = 30
w = 40
h = 0.1
R = 10
use_half_grid = True
sor = 1.96
tolerance = 1e-09
error = 9.982013250830553e-10
max loop = 1199
initial keyword = BPS
gradient energy = 132.14351603594716
potential energy = 47.75546572627947
energy = 179.89898176222664
separation = 0.09999999999999787

'confining_string_solver'  96218.57 ms

Attributes:
N = 5
charge_arg = w1
bound_arg = x1
epsilon = 0.09
L = 30
w = 40
h = 0.1
R = 20
use_half_grid = True
sor = 1.96
tolerance = 1e-09
error = 9.98810530813193e-10
max loop = 2999
initial keyword = BPS
gradient energy = 189.11746204870965
potential energy = 103.7569266563381
energy = 292.87438870504775
separation = 0.09999999999999787

'confining_string_solver'  95342.61 ms

Attributes:
N = 4
charge_arg = w2
bound_arg = x1
epsilon = 0.09
L = 50
w = 40
h = 0.1
R = 40
use_half_grid = True
sor = 1.96
tolerance = 1e-09
error = 9.997311520472006e-10
max loop = 9160
initial keyword = BPS
gradient energy = 344.18327868955976
potential energy = 217.96430093932216
energy = 562.147579628882
separation = 8.900000000000002

'confining_string_solver'  104281.32 ms

Attributes:
N = 3
charge_arg = w1
bound_arg = x1
epsilon = 0.12
L = 60
w = 60
h = 0.1
R = 50
use_half_grid = True
sor = 1.96
tolerance = 1e-09
error = 9.991891843296674e-10
max loop = 12347
initial keyword = BPS
gradient energy = 349.40736052002524
potential energy = 252.33402987963734
energy = 601.7413903996625
separation = 8.099999999999998

'confining_string_solver'  109192.42 ms

Attributes:
N = 5
charge_arg = w2
bound_arg = x1
epsilon = 0.09
L = 30
w = 40
h = 0.1
R = 10
use_half_grid = True
sor = 1.96
tolerance = 1e-09
error = 9.950305821677702e-10
max loop = 1392
initial keyword = BPS
gradient energy = 185.87505673201565
potential energy = 56.77920997144525
energy = 242.65426670346085
separation = 3.3000000000000007

'confining_string_solver'  94621.59 ms

Attributes:
N = 4
charge_arg = w1
bound_arg = x1
epsilon = 0.09
L = 50
w = 40
h = 0.1
R = 40
use_half_grid = True
sor = 1.96
tolerance = 1e-09
error = 9.988067477744985e-10
max loop = 8735
initial keyword = BPS
gradient energy = 300.03583231657774
potential energy = 219.8398482377744
energy = 519.8756805543521
separation = 5.300000000000001

'confining_string_solver'  105496.34 ms

Attributes:
N = 4
charge_arg = w2
bound_arg = x1
epsilon = 0.12
L = 30
w = 80
h = 0.1
R = 20
use_half_grid = True
sor = 1.96
tolerance = 1e-09
error = 9.986189495487007e-10
max loop = 3539
initial keyword = BPS
gradient energy = 263.3210752237378
potential energy = 105.58535345126721
energy = 368.90642867500503
separation = 7.100000000000001

'confining_string_solver'  107155.68 ms

Attributes:
N = 4
charge_arg = w1
bound_arg = x1
epsilon = 0.12
L = 30
w = 80
h = 0.1
R = 20
use_half_grid = True
sor = 1.96
tolerance = 1e-09
error = 9.998270817223644e-10
max loop = 49619
initial keyword = BPS
gradient energy = 212.0375531106151
potential energy = 108.13813672928472
energy = 320.17568983989986
separation = 1.0999999999999943

'confining_string_solver'  112699.55 ms

Attributes:
N = 4
charge_arg = w1
bound_arg = x1
epsilon = 0.09
L = 60
w = 40
h = 0.1
R = 50
use_half_grid = True
sor = 1.96
tolerance = 1e-09
error = 9.995341900368732e-10
max loop = 12441
initial keyword = BPS
gradient energy = 357.5159067098111
potential energy = 276.03756463008506
energy = 633.5534713398962
separation = 6.0

'confining_string_solver'  112914.99 ms

Attributes:
N = 4
charge_arg = w2
bound_arg = x1
epsilon = 0.09
L = 60
w = 40
h = 0.1
R = 50
use_half_grid = True
sor = 1.96
tolerance = 1e-09
error = 9.996374303317956e-10
max loop = 12941
initial keyword = BPS
gradient energy = 401.90560835000224
potential energy = 274.1509437881607
energy = 676.0565521381629
separation = 9.7

'confining_string_solver'  113235.60 ms

Attributes:
N = 4
charge_arg = w1
bound_arg = x1
epsilon = 0.12
L = 30
w = 80
h = 0.1
R = 10
use_half_grid = True
sor = 1.96
tolerance = 1e-09
error = 9.905776302307998e-10
max loop = 1530
initial keyword = BPS
gradient energy = 151.814708228835
potential energy = 49.10285076144105
energy = 200.91755899027606
separation = 1.0999999999999943

'confining_string_solver'  113380.17 ms

Attributes:
N = 5
charge_arg = w1
bound_arg = x1
epsilon = 0.09
L = 40
w = 40
h = 0.1
R = 30
use_half_grid = True
sor = 1.96
tolerance = 1e-09
error = 9.988580101730597e-10
max loop = 5552
initial keyword = BPS
gradient energy = 245.511572626524
potential energy = 160.14241358059672
energy = 405.65398620712074
separation = 0.09999999999999787

'confining_string_solver'  106906.21 ms

Attributes:
N = 4
charge_arg = w2
bound_arg = x1
epsilon = 0.12
L = 30
w = 80
h = 0.1
R = 10
use_half_grid = True
sor = 1.96
tolerance = 1e-09
error = 9.903477001469946e-10
max loop = 1406
initial keyword = BPS
gradient energy = 191.0136766094727
potential energy = 53.353829646404776
energy = 244.36750625587743
separation = 3.9000000000000057

'confining_string_solver'  113724.43 ms

Attributes:
N = 5
charge_arg = w2
bound_arg = x1
epsilon = 0.09
L = 40
w = 40
h = 0.1
R = 30
use_half_grid = True
sor = 1.96
tolerance = 1e-09
error = 9.985957249452387e-10
max loop = 6322
initial keyword = BPS
gradient energy = 326.7196666845973
potential energy = 168.35466307309392
energy = 495.07432975769126
separation = 8.7

'confining_string_solver'  111767.47 ms

Attributes:
N = 6
charge_arg = w1
bound_arg = x1
epsilon = 0.09
L = 30
w = 40
h = 0.1
R = 10
use_half_grid = True
sor = 1.96
tolerance = 1e-09
error = 9.938923905286222e-10
max loop = 1356
initial keyword = BPS
gradient energy = 141.12476985626844
potential energy = 45.01282283438396
energy = 186.1375926906524
separation = 0.09999999999999787

'confining_string_solver'  97290.67 ms

Attributes:
N = 6
charge_arg = w1
bound_arg = x1
epsilon = 0.09
L = 30
w = 40
h = 0.1
R = 20
use_half_grid = True
sor = 1.96
tolerance = 1e-09
error = 9.97813706011233e-10
max loop = 3110
initial keyword = BPS
gradient energy = 196.97286211922795
potential energy = 98.15663670442
energy = 295.12949882364796
separation = 0.09999999999999787

'confining_string_solver'  99492.67 ms

Attributes:
N = 5
charge_arg = w1
bound_arg = x1
epsilon = 0.09
L = 50
w = 40
h = 0.1
R = 40
use_half_grid = True
sor = 1.96
tolerance = 1e-09
error = 9.997187734301933e-10
max loop = 8730
initial keyword = BPS
gradient energy = 301.898241204212
potential energy = 216.5328787769696
energy = 518.4311199811816
separation = 0.09999999999999787

'confining_string_solver'  120327.04 ms
'confining_string_solver'  0.01 ms

Attributes:
N = 4
charge_arg = w1
bound_arg = x1
epsilon = 0.12
L = 40
w = 80
h = 0.1
R = 30
use_half_grid = True
sor = 1.96
tolerance = 1e-09
error = 9.98690161613641e-10
max loop = 5696
initial keyword = BPS
gradient energy = 274.7234378572998
potential energy = 162.52472656519797
energy = 437.2481644224977
separation = 5.100000000000001

'confining_string_solver'  129478.31 ms
'confining_string_solver'  0.01 ms

Attributes:
N = 5
charge_arg = w2
bound_arg = x1
epsilon = 0.09
L = 50
w = 40
h = 0.1
R = 40
use_half_grid = True
sor = 1.96
tolerance = 1e-09
error = 9.996394383439504e-10
max loop = 9644
initial keyword = BPS
gradient energy = 389.2162716513
potential energy = 226.0096001563407
energy = 615.2258718076407
separation = 10.1

'confining_string_solver'  122228.61 ms

Attributes:
N = 6
charge_arg = w2
bound_arg = x1
epsilon = 0.09
L = 30
w = 40
h = 0.1
R = 20
use_half_grid = True
sor = 1.96
tolerance = 1e-09
error = 9.98930045178692e-10
max loop = 3539
initial keyword = BPS
gradient energy = 282.7486087054208
potential energy = 114.71927442987936
energy = 397.4678831353001
separation = 6.099999999999998

'confining_string_solver'  100728.26 ms

Attributes:
N = 6
charge_arg = w2
bound_arg = x1
epsilon = 0.09
L = 30
w = 40
h = 0.1
R = 10
use_half_grid = True
sor = 1.96
tolerance = 1e-09
error = 9.931671360298903e-10
max loop = 1701
initial keyword = BPS
gradient energy = 202.97716343880018
potential energy = 58.06573819896519
energy = 261.04290163776534
separation = 0.09999999999999787

'confining_string_solver'  100461.67 ms
'confining_string_solver'  0.01 ms
'confining_string_solver'  0.01 ms
'confining_string_solver'  0.01 ms
'confining_string_solver'  0.01 ms
'confining_string_solver'  0.01 ms

Attributes:
N = 5
charge_arg = w1
bound_arg = x1
epsilon = 0.09
L = 60
w = 40
h = 0.1
R = 50
use_half_grid = True
sor = 1.96
tolerance = 1e-09
error = 9.992861356919695e-10
max loop = 12484
initial keyword = BPS
gradient energy = 358.28523921465796
potential energy = 272.9229700638841
energy = 631.208209278542
separation = 0.09999999999999787

'confining_string_solver'  127389.67 ms
'confining_string_solver'  0.02 ms

Attributes:
N = 4
charge_arg = w2
bound_arg = x1
epsilon = 0.12
L = 40
w = 80
h = 0.1
R = 30
use_half_grid = True
sor = 1.96
tolerance = 1e-09
error = 9.984266209401887e-10
max loop = 6234
initial keyword = BPS
gradient energy = 325.98602399187655
potential energy = 160.35573054360066
energy = 486.34175453547715
separation = 9.100000000000001

'confining_string_solver'  135761.32 ms

Attributes:
N = 5
charge_arg = w2
bound_arg = x1
epsilon = 0.09
L = 60
w = 40
h = 0.1
R = 50
use_half_grid = True
sor = 1.96
tolerance = 1e-09
error = 9.997847636749887e-10
max loop = 13508
initial keyword = BPS
gradient energy = 450.33275754565454
potential energy = 284.05521437533855
energy = 734.387971920993
separation = 11.3

'confining_string_solver'  129049.37 ms
'confining_string_solver'  0.01 ms
'confining_string_solver'  0.01 ms
'confining_string_solver'  0.01 ms

Attributes:
N = 6
charge_arg = w1
bound_arg = x1
epsilon = 0.09
L = 40
w = 40
h = 0.1
R = 30
use_half_grid = True
sor = 1.96
tolerance = 1e-09
error = 9.986106780283783e-10
max loop = 5615
initial keyword = BPS
gradient energy = 251.22361540216218
potential energy = 152.26724805545112
energy = 403.4908634576133
separation = 0.09999999999999787

'confining_string_solver'  113596.08 ms
'confining_string_solver'  0.01 ms
'confining_string_solver'  0.01 ms
'confining_string_solver'  0.01 ms
'confining_string_solver'  0.01 ms
'confining_string_solver'  0.01 ms
'confining_string_solver'  0.01 ms

Attributes:
N = 6
charge_arg = w3
bound_arg = x1
epsilon = 0.09
L = 30
w = 40
h = 0.1
R = 20
use_half_grid = True
sor = 1.96
tolerance = 1e-09
error = 9.977684807066608e-10
max loop = 3734
initial keyword = BPS
gradient energy = 309.8256023958188
potential energy = 115.39236272315539
energy = 425.21796511897423
separation = 7.300000000000001

'confining_string_solver'  89649.85 ms
'confining_string_solver'  0.01 ms
'confining_string_solver'  0.01 ms
'confining_string_solver'  0.01 ms

Attributes:
N = 6
charge_arg = w3
bound_arg = x1
epsilon = 0.09
L = 30
w = 40
h = 0.1
R = 10
use_half_grid = True
sor = 1.96
tolerance = 1e-09
error = 9.977230852018506e-10
max loop = 4914
initial keyword = BPS
gradient energy = 219.2283302530044
potential energy = 63.47815285085977
energy = 282.70648310386423
separation = 0.09999999999999787

'confining_string_solver'  87682.92 ms

Attributes:
N = 6
charge_arg = w2
bound_arg = x1
epsilon = 0.09
L = 40
w = 40
h = 0.1
R = 30
use_half_grid = True
sor = 1.96
tolerance = 1e-09
error = 9.990935113118713e-10
max loop = 6312
initial keyword = BPS
gradient energy = 352.4927455302012
potential energy = 172.42638999391244
energy = 524.9191355241137
separation = 8.3

'confining_string_solver'  115464.96 ms

Attributes:
N = 6
charge_arg = w3
bound_arg = x1
epsilon = 0.09
L = 40
w = 40
h = 0.1
R = 30
use_half_grid = True
sor = 1.96
tolerance = 1e-09
error = 9.984041704662327e-10
max loop = 6595
initial keyword = BPS
gradient energy = 382.1384517284878
potential energy = 171.92882298938022
energy = 554.067274717868
separation = 9.900000000000002

'confining_string_solver'  108464.02 ms

scontrol show jobid 4124877
JobId=4124877 JobName=epsilon
   UserId=wongsun4(3095934) GroupId=epoppitz(6003021) MCS_label=N/A
   Priority=1492354 Nice=0 Account=def-epoppitz QOS=normal
   JobState=COMPLETING Reason=None Dependency=(null)
   Requeue=0 Restarts=0 BatchFlag=1 Reboot=0 ExitCode=0:1
   RunTime=00:30:12 TimeLimit=01:00:00 TimeMin=N/A
   SubmitTime=2020-09-16T07:36:22 EligibleTime=2020-09-16T07:36:22
   AccrueTime=2020-09-16T07:36:22
   StartTime=2020-09-16T07:36:25 EndTime=2020-09-16T08:06:37 Deadline=N/A
   SuspendTime=None SecsPreSuspend=0 LastSchedEval=2020-09-16T07:36:25
   Partition=compute AllocNode:Sid=nia-login01:180221
   ReqNodeList=(null) ExcNodeList=(null)
   NodeList=nia0009
   BatchHost=nia0009
   NumNodes=1 NumCPUs=80 NumTasks=80 CPUs/Task=1 ReqB:S:C:T=0:0:*:*
   TRES=cpu=80,node=1,billing=40
   Socks/Node=* NtasksPerN:B:S:C=80:0:*:* CoreSpec=*
   MinCPUsNode=80 MinMemoryNode=0 MinTmpDiskNode=0
   Features=[skylake|cascade] DelayBoot=00:00:00
   OverSubscribe=NO Contiguous=0 Licenses=(null) Network=(null)
   Command=/gpfs/fs0/scratch/e/epoppitz/wongsun4/Confining-String/Niagara/epsilon_Aug_28/epsilon_script.sh
   WorkDir=/gpfs/fs0/scratch/e/epoppitz/wongsun4/Confining-String/Niagara/epsilon_Aug_28
   StdErr=/gpfs/fs0/scratch/e/epoppitz/wongsun4/Confining-String/Niagara/epsilon_Aug_28/slurm-4124877.out
   StdIn=/dev/null
   StdOut=/gpfs/fs0/scratch/e/epoppitz/wongsun4/Confining-String/Niagara/epsilon_Aug_28/slurm-4124877.out
   Power=
   MailUser=(null) MailType=NONE

sacct -j 4124877
       JobID    JobName    Account    Elapsed  MaxVMSize     MaxRSS  SystemCPU    UserCPU ExitCode 
------------ ---------- ---------- ---------- ---------- ---------- ---------- ---------- -------- 
4124877         epsilon def-epopp+   00:30:12                         00:00:00   00:00:00      1:0 
4124877.bat+      batch def-epopp+   00:30:14                         00:00:00   00:00:00          
4124877.ext+     extern def-epopp+   00:30:14                         00:00:00   00:00:00          

kernel messages produced during job executions:
[Sep16 08:04] Initializing cgroup subsys cpuset
[  +0.000000] Initializing cgroup subsys cpu
[  +0.000000] Initializing cgroup subsys cpuacct
[  +0.000000] Linux version 3.10.0-957.27.2.el7.x86_64 (mockbuild@kbuilder.bsys.centos.org) (gcc version 4.8.5 20150623 (Red Hat 4.8.5-36) (GCC) ) #1 SMP Mon Jul 29 17:46:05 UTC 2019
[  +0.000000] Command line: BOOT_IMAGE=net3:/tftpboot/xcat/osimage/scinet-compute-b/kernel  imgurl=http://172.16.205.7:80//install/netboot/centos7.6/x86_64/scinet-compute-b/rootimg.cpio.gz XCAT=172.16.205.7:3001 NODE=nia0009 FC=no  console=tty0 console=ttyS0,115200 BOOTIF=01-08-94-ef-4e-12-4c
[  +0.000000] e820: BIOS-provided physical RAM map:
[  +0.000000] BIOS-e820: [mem 0x0000000000000000-0x000000000009ffff] usable
[  +0.000000] BIOS-e820: [mem 0x00000000000a0000-0x00000000000fffff] reserved
[  +0.000000] BIOS-e820: [mem 0x0000000000100000-0x00000000a5aaefff] usable
[  +0.000000] BIOS-e820: [mem 0x00000000a5aaf000-0x00000000a5fc3fff] ACPI data
[  +0.000000] BIOS-e820: [mem 0x00000000a5fc4000-0x00000000a6be4fff] ACPI NVS
[  +0.000000] BIOS-e820: [mem 0x00000000a6be5000-0x00000000a7b4afff] usable
[  +0.000000] BIOS-e820: [mem 0x00000000a7b4b000-0x00000000aa6e4fff] reserved
[  +0.000000] BIOS-e820: [mem 0x00000000aa6e5000-0x00000000aa95dfff] unusable
[  +0.000000] BIOS-e820: [mem 0x00000000aa95e000-0x00000000af3f3fff] usable
[  +0.000000] BIOS-e820: [mem 0x00000000af3f4000-0x00000000af425fff] reserved
[  +0.000000] BIOS-e820: [mem 0x00000000af426000-0x00000000af7fffff] usable
[  +0.000000] BIOS-e820: [mem 0x00000000af800000-0x00000000cfffffff] reserved
[  +0.000000] BIOS-e820: [mem 0x00000000fd000000-0x00000000fe7fffff] reserved
[  +0.000000] BIOS-e820: [mem 0x00000000fed20000-0x00000000fed44fff] reserved
[  +0.000000] BIOS-e820: [mem 0x00000000ff000000-0x00000000ffffffff] reserved
[  +0.000000] BIOS-e820: [mem 0x0000000100000000-0x000000303fffffff] usable
[  +0.000000] NX (Execute Disable) protection: active
[  +0.000000] efi: EFI v2.70 by American Megatrends
[  +0.000000] efi:  ACPI 2.0=0xa5bb3000  ACPI=0xa5bb3000  SMBIOS=0xaa370000  SMBIOS 3.0=0xaa36f000  ESRT=0x9ec84998 
[  +0.000000] efi: mem00: type=3, attr=0xf, range=[0x0000000000000000-0x0000000000008000) (0MB)
[  +0.000000] efi: mem01: type=7, attr=0xf, range=[0x0000000000008000-0x0000000000040000) (0MB)
[  +0.000000] efi: mem02: type=3, attr=0xf, range=[0x0000000000040000-0x00000000000a0000) (0MB)
[  +0.000000] efi: mem03: type=2, attr=0xf, range=[0x0000000000100000-0x0000000000900000) (8MB)
[  +0.000000] efi: mem04: type=7, attr=0xf, range=[0x0000000000900000-0x0000000043bfb000) (1074MB)
[  +0.000000] efi: mem05: type=4, attr=0xf, range=[0x0000000043bfb000-0x0000000043cfb000) (1MB)
[  +0.000000] efi: mem06: type=7, attr=0xf, range=[0x0000000043cfb000-0x000000004cc27000) (143MB)
[  +0.000000] efi: mem07: type=2, attr=0xf, range=[0x000000004cc27000-0x0000000051c73000) (80MB)
[  +0.000000] efi: mem08: type=7, attr=0xf, range=[0x0000000051c73000-0x0000000052c6b000) (15MB)
[  +0.000000] efi: mem09: type=2, attr=0xf, range=[0x0000000052c6b000-0x0000000052c77000) (0MB)
[  +0.000000] efi: mem10: type=1, attr=0xf, range=[0x0000000052c77000-0x0000000052d59000) (0MB)
[  +0.000000] efi: mem11: type=7, attr=0xf, range=[0x0000000052d59000-0x0000000094a43000) (1052MB)
[  +0.000000] efi: mem12: type=4, attr=0xf, range=[0x0000000094a43000-0x000000009e215000) (151MB)
[  +0.000000] efi: mem13: type=7, attr=0xf, range=[0x000000009e215000-0x000000009e21c000) (0MB)
[  +0.000000] efi: mem14: type=4, attr=0xf, range=[0x000000009e21c000-0x000000009f44e000) (18MB)
[  +0.000000] efi: mem15: type=7, attr=0xf, range=[0x000000009f44e000-0x000000009f44f000) (0MB)
[  +0.000000] efi: mem16: type=4, attr=0xf, range=[0x000000009f44f000-0x00000000a4637000) (81MB)
[  +0.000000] efi: mem17: type=7, attr=0xf, range=[0x00000000a4637000-0x00000000a4ab5000) (4MB)
[  +0.000000] efi: mem18: type=3, attr=0xf, range=[0x00000000a4ab5000-0x00000000a5aaf000) (15MB)
[  +0.000000] efi: mem19: type=9, attr=0xf, range=[0x00000000a5aaf000-0x00000000a5fc4000) (5MB)
[  +0.000000] efi: mem20: type=10, attr=0xf, range=[0x00000000a5fc4000-0x00000000a6be5000) (12MB)
[  +0.000000] efi: mem21: type=7, attr=0xf, range=[0x00000000a6be5000-0x00000000a7b4b000) (15MB)
[  +0.000000] efi: mem22: type=0, attr=0xf, range=[0x00000000a7b4b000-0x00000000a8de5000) (18MB)
[  +0.000000] efi: mem23: type=6, attr=0x800000000000000f, range=[0x00000000a8de5000-0x00000000aa6e5000) (25MB)
[  +0.000000] efi: mem24: type=5, attr=0x800000000000000f, range=[0x00000000aa6e5000-0x00000000aa95e000) (2MB)
[  +0.000000] efi: mem25: type=4, attr=0xf, range=[0x00000000aa95e000-0x00000000aaae0000) (1MB)
[  +0.000000] efi: mem26: type=3, attr=0xf, range=[0x00000000aaae0000-0x00000000aab0b000) (0MB)
[  +0.000000] efi: mem27: type=4, attr=0xf, range=[0x00000000aab0b000-0x00000000aab47000) (0MB)
[  +0.000000] efi: mem28: type=3, attr=0xf, range=[0x00000000aab47000-0x00000000aab6f000) (0MB)
[  +0.000000] efi: mem29: type=4, attr=0xf, range=[0x00000000aab6f000-0x00000000aab7b000) (0MB)
[  +0.000000] efi: mem30: type=3, attr=0xf, range=[0x00000000aab7b000-0x00000000aab8b000) (0MB)
[  +0.000000] efi: mem31: type=4, attr=0xf, range=[0x00000000aab8b000-0x00000000aeb41000) (63MB)
[  +0.000000] efi: mem32: type=3, attr=0xf, range=[0x00000000aeb41000-0x00000000aeb4b000) (0MB)
[  +0.000000] efi: mem33: type=4, attr=0xf, range=[0x00000000aeb4b000-0x00000000aeda6000) (2MB)
[  +0.000000] efi: mem34: type=3, attr=0xf, range=[0x00000000aeda6000-0x00000000aedaf000) (0MB)
[  +0.000000] efi: mem35: type=4, attr=0xf, range=[0x00000000aedaf000-0x00000000af3d6000) (6MB)
[  +0.000000] efi: mem36: type=3, attr=0xf, range=[0x00000000af3d6000-0x00000000af3f4000) (0MB)
[  +0.000000] efi: mem37: type=6, attr=0x800000000000000f, range=[0x00000000af3f4000-0x00000000af426000) (0MB)
[  +0.000000] efi: mem38: type=3, attr=0xf, range=[0x00000000af426000-0x00000000af449000) (0MB)
[  +0.000000] efi: mem39: type=4, attr=0xf, range=[0x00000000af449000-0x00000000af749000) (3MB)
[  +0.000000] efi: mem40: type=3, attr=0xf, range=[0x00000000af749000-0x00000000af769000) (0MB)
[  +0.000000] efi: mem41: type=4, attr=0xf, range=[0x00000000af769000-0x00000000af800000) (0MB)
[  +0.000000] efi: mem42: type=7, attr=0xf, range=[0x0000000100000000-0x0000003040000000) (193536MB)
[  +0.000000] efi: mem43: type=0, attr=0x0, range=[0x00000000000a0000-0x0000000000100000) (0MB)
[  +0.000000] efi: mem44: type=0, attr=0x0, range=[0x00000000af800000-0x00000000c0000000) (264MB)
[  +0.000000] efi: mem45: type=11, attr=0x8000000000000001, range=[0x00000000c0000000-0x00000000d0000000) (256MB)
[  +0.000000] efi: mem46: type=11, attr=0x800000000000100d, range=[0x00000000fd000000-0x00000000fe800000) (24MB)
[  +0.000000] efi: mem47: type=11, attr=0x800000000000100d, range=[0x00000000fed20000-0x00000000fed45000) (0MB)
[  +0.000000] efi: mem48: type=11, attr=0x800000000000100d, range=[0x00000000ff000000-0x0000000100000000) (16MB)
[  +0.000000] esrt: Reserving ESRT space from 0x000000009ec84998 to 0x000000009ec849d0.
[  +0.000000] SMBIOS 3.2.1 present.
[  +0.000000] DMI: Lenovo ThinkSystem SD530 -[7X21CTO1WW]-/-[7X21CTO1WW]-, BIOS -[TEE148M-2.41]- 10/31/2019
[  +0.000000] e820: update [mem 0x00000000-0x00000fff] usable ==> reserved
[  +0.000000] e820: remove [mem 0x000a0000-0x000fffff] usable
[  +0.000000] e820: last_pfn = 0x3040000 max_arch_pfn = 0x400000000
[  +0.000000] MTRR default type: uncachable
[  +0.000000] MTRR fixed ranges enabled:
[  +0.000000]   00000-9FFFF write-back
[  +0.000000]   A0000-FFFFF uncachable
[  +0.000000] MTRR variable ranges enabled:
[  +0.000000]   0 base 000000000000 mask 3FE000000000 write-back
[  +0.000000]   1 base 002000000000 mask 3FF000000000 write-back
[  +0.000000]   2 base 003000000000 mask 3FFFC0000000 write-back
[  +0.000000]   3 base 0000C0000000 mask 3FFFC0000000 uncachable
[  +0.000000]   4 base 0000BF000000 mask 3FFFFF000000 uncachable
[  +0.000000]   5 disabled
[  +0.000000]   6 disabled
[  +0.000000]   7 disabled
[  +0.000000]   8 disabled
[  +0.000000]   9 disabled
[  +0.000000] PAT configuration [0-7]: WB  WC  UC- UC  WB  WP  UC- UC  
[  +0.000000] original variable MTRRs
[  +0.000000] reg 0, base: 0GB, range: 128GB, type WB
[  +0.000000] reg 1, base: 128GB, range: 64GB, type WB
[  +0.000000] reg 2, base: 192GB, range: 1GB, type WB
[  +0.000000] reg 3, base: 3GB, range: 1GB, type UC
[  +0.000000] reg 4, base: 3056MB, range: 16MB, type UC
[  +0.000000] total RAM covered: 196592M
[  +0.000000]  gran_size: 64K 	chunk_size: 64K 	num_reg: 10  	lose cover RAM: 161G
[  +0.000000]  gran_size: 64K 	chunk_size: 128K 	num_reg: 10  	lose cover RAM: 161G
[  +0.000000]  gran_size: 64K 	chunk_size: 256K 	num_reg: 10  	lose cover RAM: 161G
[  +0.000000]  gran_size: 64K 	chunk_size: 512K 	num_reg: 10  	lose cover RAM: 161G
[  +0.000000]  gran_size: 64K 	chunk_size: 1M 	num_reg: 10  	lose cover RAM: 161G
[  +0.000000]  gran_size: 64K 	chunk_size: 2M 	num_reg: 10  	lose cover RAM: 161G
[  +0.000000]  gran_size: 64K 	chunk_size: 4M 	num_reg: 10  	lose cover RAM: 161G
[  +0.000000]  gran_size: 64K 	chunk_size: 8M 	num_reg: 10  	lose cover RAM: 161G
[  +0.000000]  gran_size: 64K 	chunk_size: 16M 	num_reg: 10  	lose cover RAM: 161G
[  +0.000000]  gran_size: 64K 	chunk_size: 32M 	num_reg: 10  	lose cover RAM: 0G
[  +0.000000]  gran_size: 64K 	chunk_size: 64M 	num_reg: 10  	lose cover RAM: 0G
[  +0.000000]  gran_size: 64K 	chunk_size: 128M 	num_reg: 10  	lose cover RAM: 0G
[  +0.000000]  gran_size: 64K 	chunk_size: 256M 	num_reg: 10  	lose cover RAM: 0G
[  +0.000000]  gran_size: 64K 	chunk_size: 512M 	num_reg: 10  	lose cover RAM: 0G
[  +0.000000]  gran_size: 64K 	chunk_size: 1G 	num_reg: 10  	lose cover RAM: 0G
[  +0.000000] *BAD*gran_size: 64K 	chunk_size: 2G 	num_reg: 10  	lose cover RAM: -1G
[  +0.000000] *BAD*gran_size: 64K 	chunk_size: 4G 	num_reg: 10  	lose cover RAM: -3G
[  +0.000000] *BAD*gran_size: 64K 	chunk_size: 8G 	num_reg: 10  	lose cover RAM: -6G
[  +0.000000] *BAD*gran_size: 64K 	chunk_size: 16G 	num_reg: 10  	lose cover RAM: -12G
[  +0.000000] *BAD*gran_size: 64K 	chunk_size: 32G 	num_reg: 10  	lose cover RAM: -24G
[  +0.000000] *BAD*gran_size: 64K 	chunk_size: 64G 	num_reg: 10  	lose cover RAM: -32G
[  +0.000000]  gran_size: 64K 	chunk_size: 128G 	num_reg: 10  	lose cover RAM: 0G
[  +0.000000]  gran_size: 64K 	chunk_size: 256G 	num_reg: 10  	lose cover RAM: 161G
[  +0.000000]  gran_size: 64K 	chunk_size: 512G 	num_reg: 10  	lose cover RAM: 161G
[  +0.000000]  gran_size: 64K 	chunk_size: 1024G 	num_reg: 10  	lose cover RAM: 161G
[  +0.000000]  gran_size: 64K 	chunk_size: 2048G 	num_reg: 10  	lose cover RAM: 161G
[  +0.000000]  gran_size: 64K 	chunk_size: 4096G 	num_reg: 10  	lose cover RAM: 161G
[  +0.000000]  gran_size: 64K 	chunk_size: 8192G 	num_reg: 10  	lose cover RAM: 161G
[  +0.000000]  gran_size: 64K 	chunk_size: 16384G 	num_reg: 10  	lose cover RAM: 161G
[  +0.000000]  gran_size: 64K 	chunk_size: 32768G 	num_reg: 10  	lose cover RAM: 161G
[  +0.000000]  gran_size: 128K 	chunk_size: 128K 	num_reg: 10  	lose cover RAM: 161G
[  +0.000000]  gran_size: 128K 	chunk_size: 256K 	num_reg: 10  	lose cover RAM: 161G
[  +0.000000]  gran_size: 128K 	chunk_size: 512K 	num_reg: 10  	lose cover RAM: 161G
[  +0.000000]  gran_size: 128K 	chunk_size: 1M 	num_reg: 10  	lose cover RAM: 161G
[  +0.000000]  gran_size: 128K 	chunk_size: 2M 	num_reg: 10  	lose cover RAM: 161G
[  +0.000000]  gran_size: 128K 	chunk_size: 4M 	num_reg: 10  	lose cover RAM: 161G
[  +0.000000]  gran_size: 128K 	chunk_size: 8M 	num_reg: 10  	lose cover RAM: 161G
[  +0.000000]  gran_size: 128K 	chunk_size: 16M 	num_reg: 10  	lose cover RAM: 161G
[  +0.000000]  gran_size: 128K 	chunk_size: 32M 	num_reg: 10  	lose cover RAM: 0G
[  +0.000000]  gran_size: 128K 	chunk_size: 64M 	num_reg: 10  	lose cover RAM: 0G
[  +0.000000]  gran_size: 128K 	chunk_size: 128M 	num_reg: 10  	lose cover RAM: 0G
[  +0.000000]  gran_size: 128K 	chunk_size: 256M 	num_reg: 10  	lose cover RAM: 0G
[  +0.000000]  gran_size: 128K 	chunk_size: 512M 	num_reg: 10  	lose cover RAM: 0G
[  +0.000000]  gran_size: 128K 	chunk_size: 1G 	num_reg: 10  	lose cover RAM: 0G
[  +0.000000] *BAD*gran_size: 128K 	chunk_size: 2G 	num_reg: 10  	lose cover RAM: -1G
[  +0.000000] *BAD*gran_size: 128K 	chunk_size: 4G 	num_reg: 10  	lose cover RAM: -3G
[  +0.000000] *BAD*gran_size: 128K 	chunk_size: 8G 	num_reg: 10  	lose cover RAM: -6G
[  +0.000000] *BAD*gran_size: 128K 	chunk_size: 16G 	num_reg: 10  	lose cover RAM: -12G
[  +0.000000] *BAD*gran_size: 128K 	chunk_size: 32G 	num_reg: 10  	lose cover RAM: -24G
[  +0.000000] *BAD*gran_size: 128K 	chunk_size: 64G 	num_reg: 10  	lose cover RAM: -32G
[  +0.000000]  gran_size: 128K 	chunk_size: 128G 	num_reg: 10  	lose cover RAM: 0G
[  +0.000000]  gran_size: 128K 	chunk_size: 256G 	num_reg: 10  	lose cover RAM: 161G
[  +0.000000]  gran_size: 128K 	chunk_size: 512G 	num_reg: 10  	lose cover RAM: 161G
[  +0.000000]  gran_size: 128K 	chunk_size: 1024G 	num_reg: 10  	lose cover RAM: 161G
[  +0.000000]  gran_size: 128K 	chunk_size: 2048G 	num_reg: 10  	lose cover RAM: 161G
[  +0.000000]  gran_size: 128K 	chunk_size: 4096G 	num_reg: 10  	lose cover RAM: 161G
[  +0.000000]  gran_size: 128K 	chunk_size: 8192G 	num_reg: 10  	lose cover RAM: 161G
[  +0.000000]  gran_size: 128K 	chunk_size: 16384G 	num_reg: 10  	lose cover RAM: 161G
[  +0.000000]  gran_size: 128K 	chunk_size: 32768G 	num_reg: 10  	lose cover RAM: 161G
[  +0.000000]  gran_size: 256K 	chunk_size: 256K 	num_reg: 10  	lose cover RAM: 161G
[  +0.000000]  gran_size: 256K 	chunk_size: 512K 	num_reg: 10  	lose cover RAM: 161G
[  +0.000000]  gran_size: 256K 	chunk_size: 1M 	num_reg: 10  	lose cover RAM: 161G
[  +0.000000]  gran_size: 256K 	chunk_size: 2M 	num_reg: 10  	lose cover RAM: 161G
[  +0.000000]  gran_size: 256K 	chunk_size: 4M 	num_reg: 10  	lose cover RAM: 161G
[  +0.000000]  gran_size: 256K 	chunk_size: 8M 	num_reg: 10  	lose cover RAM: 161G
[  +0.000000]  gran_size: 256K 	chunk_size: 16M 	num_reg: 10  	lose cover RAM: 161G
[  +0.000000]  gran_size: 256K 	chunk_size: 32M 	num_reg: 10  	lose cover RAM: 0G
[  +0.000000]  gran_size: 256K 	chunk_size: 64M 	num_reg: 10  	lose cover RAM: 0G
[  +0.000000]  gran_size: 256K 	chunk_size: 128M 	num_reg: 10  	lose cover RAM: 0G
[  +0.000000]  gran_size: 256K 	chunk_size: 256M 	num_reg: 10  	lose cover RAM: 0G
[  +0.000000]  gran_size: 256K 	chunk_size: 512M 	num_reg: 10  	lose cover RAM: 0G
[  +0.000000]  gran_size: 256K 	chunk_size: 1G 	num_reg: 10  	lose cover RAM: 0G
[  +0.000000] *BAD*gran_size: 256K 	chunk_size: 2G 	num_reg: 10  	lose cover RAM: -1G
[  +0.000000] *BAD*gran_size: 256K 	chunk_size: 4G 	num_reg: 10  	lose cover RAM: -3G
[  +0.000000] *BAD*gran_size: 256K 	chunk_size: 8G 	num_reg: 10  	lose cover RAM: -6G
[  +0.000000] *BAD*gran_size: 256K 	chunk_size: 16G 	num_reg: 10  	lose cover RAM: -12G
[  +0.000000] *BAD*gran_size: 256K 	chunk_size: 32G 	num_reg: 10  	lose cover RAM: -24G
[  +0.000000] *BAD*gran_size: 256K 	chunk_size: 64G 	num_reg: 10  	lose cover RAM: -32G
[  +0.000000]  gran_size: 256K 	chunk_size: 128G 	num_reg: 10  	lose cover RAM: 0G
[  +0.000000]  gran_size: 256K 	chunk_size: 256G 	num_reg: 10  	lose cover RAM: 161G
[  +0.000000]  gran_size: 256K 	chunk_size: 512G 	num_reg: 10  	lose cover RAM: 161G
[  +0.000000]  gran_size: 256K 	chunk_size: 1024G 	num_reg: 10  	lose cover RAM: 161G
[  +0.000000]  gran_size: 256K 	chunk_size: 2048G 	num_reg: 10  	lose cover RAM: 161G
[  +0.000000]  gran_size: 256K 	chunk_size: 4096G 	num_reg: 10  	lose cover RAM: 161G
[  +0.000000]  gran_size: 256K 	chunk_size: 8192G 	num_reg: 10  	lose cover RAM: 161G
[  +0.000000]  gran_size: 256K 	chunk_size: 16384G 	num_reg: 10  	lose cover RAM: 161G
[  +0.000000]  gran_size: 256K 	chunk_size: 32768G 	num_reg: 10  	lose cover RAM: 161G
[  +0.000000]  gran_size: 512K 	chunk_size: 512K 	num_reg: 10  	lose cover RAM: 161G
[  +0.000000]  gran_size: 512K 	chunk_size: 1M 	num_reg: 10  	lose cover RAM: 161G
[  +0.000000]  gran_size: 512K 	chunk_size: 2M 	num_reg: 10  	lose cover RAM: 161G
[  +0.000000]  gran_size: 512K 	chunk_size: 4M 	num_reg: 10  	lose cover RAM: 161G
[  +0.000000]  gran_size: 512K 	chunk_size: 8M 	num_reg: 10  	lose cover RAM: 161G
[  +0.000000]  gran_size: 512K 	chunk_size: 16M 	num_reg: 10  	lose cover RAM: 161G
[  +0.000000]  gran_size: 512K 	chunk_size: 32M 	num_reg: 10  	lose cover RAM: 0G
[  +0.000000]  gran_size: 512K 	chunk_size: 64M 	num_reg: 10  	lose cover RAM: 0G
[  +0.000000]  gran_size: 512K 	chunk_size: 128M 	num_reg: 10  	lose cover RAM: 0G
[  +0.000000]  gran_size: 512K 	chunk_size: 256M 	num_reg: 10  	lose cover RAM: 0G
[  +0.000000]  gran_size: 512K 	chunk_size: 512M 	num_reg: 10  	lose cover RAM: 0G
[  +0.000000]  gran_size: 512K 	chunk_size: 1G 	num_reg: 10  	lose cover RAM: 0G
[  +0.000000] *BAD*gran_size: 512K 	chunk_size: 2G 	num_reg: 10  	lose cover RAM: -1G
[  +0.000000] *BAD*gran_size: 512K 	chunk_size: 4G 	num_reg: 10  	lose cover RAM: -3G
[  +0.000000] *BAD*gran_size: 512K 	chunk_size: 8G 	num_reg: 10  	lose cover RAM: -6G
[  +0.000000] *BAD*gran_size: 512K 	chunk_size: 16G 	num_reg: 10  	lose cover RAM: -12G
[  +0.000000] *BAD*gran_size: 512K 	chunk_size: 32G 	num_reg: 10  	lose cover RAM: -24G
[  +0.000000] *BAD*gran_size: 512K 	chunk_size: 64G 	num_reg: 10  	lose cover RAM: -32G
[  +0.000000]  gran_size: 512K 	chunk_size: 128G 	num_reg: 10  	lose cover RAM: 0G
[  +0.000000]  gran_size: 512K 	chunk_size: 256G 	num_reg: 10  	lose cover RAM: 161G
[  +0.000000]  gran_size: 512K 	chunk_size: 512G 	num_reg: 10  	lose cover RAM: 161G
[  +0.000000]  gran_size: 512K 	chunk_size: 1024G 	num_reg: 10  	lose cover RAM: 161G
[  +0.000000]  gran_size: 512K 	chunk_size: 2048G 	num_reg: 10  	lose cover RAM: 161G
[  +0.000000]  gran_size: 512K 	chunk_size: 4096G 	num_reg: 10  	lose cover RAM: 161G
[  +0.000000]  gran_size: 512K 	chunk_size: 8192G 	num_reg: 10  	lose cover RAM: 161G
[  +0.000000]  gran_size: 512K 	chunk_size: 16384G 	num_reg: 10  	lose cover RAM: 161G
[  +0.000000]  gran_size: 512K 	chunk_size: 32768G 	num_reg: 10  	lose cover RAM: 161G
[  +0.000000]  gran_size: 1M 	chunk_size: 1M 	num_reg: 10  	lose cover RAM: 161G
[  +0.000000]  gran_size: 1M 	chunk_size: 2M 	num_reg: 10  	lose cover RAM: 161G
[  +0.000000]  gran_size: 1M 	chunk_size: 4M 	num_reg: 10  	lose cover RAM: 161G
[  +0.000000]  gran_size: 1M 	chunk_size: 8M 	num_reg: 10  	lose cover RAM: 161G
[  +0.000000]  gran_size: 1M 	chunk_size: 16M 	num_reg: 10  	lose cover RAM: 161G
[  +0.000000]  gran_size: 1M 	chunk_size: 32M 	num_reg: 10  	lose cover RAM: 0G
[  +0.000000]  gran_size: 1M 	chunk_size: 64M 	num_reg: 10  	lose cover RAM: 0G
[  +0.000000]  gran_size: 1M 	chunk_size: 128M 	num_reg: 10  	lose cover RAM: 0G
[  +0.000000]  gran_size: 1M 	chunk_size: 256M 	num_reg: 10  	lose cover RAM: 0G
[  +0.000000]  gran_size: 1M 	chunk_size: 512M 	num_reg: 10  	lose cover RAM: 0G
[  +0.000000]  gran_size: 1M 	chunk_size: 1G 	num_reg: 10  	lose cover RAM: 0G
[  +0.000000] *BAD*gran_size: 1M 	chunk_size: 2G 	num_reg: 10  	lose cover RAM: -1G
[  +0.000000] *BAD*gran_size: 1M 	chunk_size: 4G 	num_reg: 10  	lose cover RAM: -3G
[  +0.000000] *BAD*gran_size: 1M 	chunk_size: 8G 	num_reg: 10  	lose cover RAM: -6G
[  +0.000000] *BAD*gran_size: 1M 	chunk_size: 16G 	num_reg: 10  	lose cover RAM: -12G
[  +0.000000] *BAD*gran_size: 1M 	chunk_size: 32G 	num_reg: 10  	lose cover RAM: -24G
[  +0.000000] *BAD*gran_size: 1M 	chunk_size: 64G 	num_reg: 10  	lose cover RAM: -32G
[  +0.000000]  gran_size: 1M 	chunk_size: 128G 	num_reg: 10  	lose cover RAM: 0G
[  +0.000000]  gran_size: 1M 	chunk_size: 256G 	num_reg: 10  	lose cover RAM: 161G
[  +0.000000]  gran_size: 1M 	chunk_size: 512G 	num_reg: 10  	lose cover RAM: 161G
[  +0.000000]  gran_size: 1M 	chunk_size: 1024G 	num_reg: 10  	lose cover RAM: 161G
[  +0.000000]  gran_size: 1M 	chunk_size: 2048G 	num_reg: 10  	lose cover RAM: 161G
[  +0.000000]  gran_size: 1M 	chunk_size: 4096G 	num_reg: 10  	lose cover RAM: 161G
[  +0.000000]  gran_size: 1M 	chunk_size: 8192G 	num_reg: 10  	lose cover RAM: 161G
[  +0.000000]  gran_size: 1M 	chunk_size: 16384G 	num_reg: 10  	lose cover RAM: 161G
[  +0.000000]  gran_size: 1M 	chunk_size: 32768G 	num_reg: 10  	lose cover RAM: 161G
[  +0.000000]  gran_size: 2M 	chunk_size: 2M 	num_reg: 10  	lose cover RAM: 161G
[  +0.000000]  gran_size: 2M 	chunk_size: 4M 	num_reg: 10  	lose cover RAM: 161G
[  +0.000000]  gran_size: 2M 	chunk_size: 8M 	num_reg: 10  	lose cover RAM: 161G
[  +0.000000]  gran_size: 2M 	chunk_size: 16M 	num_reg: 10  	lose cover RAM: 161G
[  +0.000000]  gran_size: 2M 	chunk_size: 32M 	num_reg: 10  	lose cover RAM: 0G
[  +0.000000]  gran_size: 2M 	chunk_size: 64M 	num_reg: 10  	lose cover RAM: 0G
[  +0.000000]  gran_size: 2M 	chunk_size: 128M 	num_reg: 10  	lose cover RAM: 0G
[  +0.000000]  gran_size: 2M 	chunk_size: 256M 	num_reg: 10  	lose cover RAM: 0G
[  +0.000000]  gran_size: 2M 	chunk_size: 512M 	num_reg: 10  	lose cover RAM: 0G
[  +0.000000]  gran_size: 2M 	chunk_size: 1G 	num_reg: 10  	lose cover RAM: 0G
[  +0.000000] *BAD*gran_size: 2M 	chunk_size: 2G 	num_reg: 10  	lose cover RAM: -1G
[  +0.000000] *BAD*gran_size: 2M 	chunk_size: 4G 	num_reg: 10  	lose cover RAM: -3G
[  +0.000000] *BAD*gran_size: 2M 	chunk_size: 8G 	num_reg: 10  	lose cover RAM: -6G
[  +0.000000] *BAD*gran_size: 2M 	chunk_size: 16G 	num_reg: 10  	lose cover RAM: -12G
[  +0.000000] *BAD*gran_size: 2M 	chunk_size: 32G 	num_reg: 10  	lose cover RAM: -24G
[  +0.000000] *BAD*gran_size: 2M 	chunk_size: 64G 	num_reg: 10  	lose cover RAM: -32G
[  +0.000000]  gran_size: 2M 	chunk_size: 128G 	num_reg: 10  	lose cover RAM: 0G
[  +0.000000]  gran_size: 2M 	chunk_size: 256G 	num_reg: 10  	lose cover RAM: 161G
[  +0.000000]  gran_size: 2M 	chunk_size: 512G 	num_reg: 10  	lose cover RAM: 161G
[  +0.000000]  gran_size: 2M 	chunk_size: 1024G 	num_reg: 10  	lose cover RAM: 161G
[  +0.000000]  gran_size: 2M 	chunk_size: 2048G 	num_reg: 10  	lose cover RAM: 161G
[  +0.000000]  gran_size: 2M 	chunk_size: 4096G 	num_reg: 10  	lose cover RAM: 161G
[  +0.000000]  gran_size: 2M 	chunk_size: 8192G 	num_reg: 10  	lose cover RAM: 161G
[  +0.000000]  gran_size: 2M 	chunk_size: 16384G 	num_reg: 10  	lose cover RAM: 161G
[  +0.000000]  gran_size: 2M 	chunk_size: 32768G 	num_reg: 10  	lose cover RAM: 161G
[  +0.000000]  gran_size: 4M 	chunk_size: 4M 	num_reg: 10  	lose cover RAM: 161G
[  +0.000000]  gran_size: 4M 	chunk_size: 8M 	num_reg: 10  	lose cover RAM: 161G
[  +0.000000]  gran_size: 4M 	chunk_size: 16M 	num_reg: 10  	lose cover RAM: 161G
[  +0.000000]  gran_size: 4M 	chunk_size: 32M 	num_reg: 10  	lose cover RAM: 0G
[  +0.000000]  gran_size: 4M 	chunk_size: 64M 	num_reg: 10  	lose cover RAM: 0G
[  +0.000000]  gran_size: 4M 	chunk_size: 128M 	num_reg: 10  	lose cover RAM: 0G
[  +0.000000]  gran_size: 4M 	chunk_size: 256M 	num_reg: 10  	lose cover RAM: 0G
[  +0.000000]  gran_size: 4M 	chunk_size: 512M 	num_reg: 10  	lose cover RAM: 0G
[  +0.000000]  gran_size: 4M 	chunk_size: 1G 	num_reg: 10  	lose cover RAM: 0G
[  +0.000000] *BAD*gran_size: 4M 	chunk_size: 2G 	num_reg: 10  	lose cover RAM: -1G
[  +0.000000] *BAD*gran_size: 4M 	chunk_size: 4G 	num_reg: 10  	lose cover RAM: -3G
[  +0.000000] *BAD*gran_size: 4M 	chunk_size: 8G 	num_reg: 10  	lose cover RAM: -6G
[  +0.000000] *BAD*gran_size: 4M 	chunk_size: 16G 	num_reg: 10  	lose cover RAM: -12G
[  +0.000000] *BAD*gran_size: 4M 	chunk_size: 32G 	num_reg: 10  	lose cover RAM: -24G
[  +0.000000] *BAD*gran_size: 4M 	chunk_size: 64G 	num_reg: 10  	lose cover RAM: -32G
[  +0.000000]  gran_size: 4M 	chunk_size: 128G 	num_reg: 10  	lose cover RAM: 0G
[  +0.000000]  gran_size: 4M 	chunk_size: 256G 	num_reg: 10  	lose cover RAM: 161G
[  +0.000000]  gran_size: 4M 	chunk_size: 512G 	num_reg: 10  	lose cover RAM: 161G
[  +0.000000]  gran_size: 4M 	chunk_size: 1024G 	num_reg: 10  	lose cover RAM: 161G
[  +0.000000]  gran_size: 4M 	chunk_size: 2048G 	num_reg: 10  	lose cover RAM: 161G
[  +0.000000]  gran_size: 4M 	chunk_size: 4096G 	num_reg: 10  	lose cover RAM: 161G
[  +0.000000]  gran_size: 4M 	chunk_size: 8192G 	num_reg: 10  	lose cover RAM: 161G
[  +0.000000]  gran_size: 4M 	chunk_size: 16384G 	num_reg: 10  	lose cover RAM: 161G
[  +0.000000]  gran_size: 4M 	chunk_size: 32768G 	num_reg: 10  	lose cover RAM: 161G
[  +0.000000]  gran_size: 8M 	chunk_size: 8M 	num_reg: 10  	lose cover RAM: 161G
[  +0.000000]  gran_size: 8M 	chunk_size: 16M 	num_reg: 10  	lose cover RAM: 161G
[  +0.000000]  gran_size: 8M 	chunk_size: 32M 	num_reg: 10  	lose cover RAM: 0G
[  +0.000000]  gran_size: 8M 	chunk_size: 64M 	num_reg: 10  	lose cover RAM: 0G
[  +0.000000]  gran_size: 8M 	chunk_size: 128M 	num_reg: 10  	lose cover RAM: 0G
[  +0.000000]  gran_size: 8M 	chunk_size: 256M 	num_reg: 10  	lose cover RAM: 0G
[  +0.000000]  gran_size: 8M 	chunk_size: 512M 	num_reg: 10  	lose cover RAM: 0G
[  +0.000000]  gran_size: 8M 	chunk_size: 1G 	num_reg: 10  	lose cover RAM: 0G
[  +0.000000] *BAD*gran_size: 8M 	chunk_size: 2G 	num_reg: 10  	lose cover RAM: -1G
[  +0.000000] *BAD*gran_size: 8M 	chunk_size: 4G 	num_reg: 10  	lose cover RAM: -3G
[  +0.000000] *BAD*gran_size: 8M 	chunk_size: 8G 	num_reg: 10  	lose cover RAM: -6G
[  +0.000000] *BAD*gran_size: 8M 	chunk_size: 16G 	num_reg: 10  	lose cover RAM: -12G
[  +0.000000] *BAD*gran_size: 8M 	chunk_size: 32G 	num_reg: 10  	lose cover RAM: -24G
[  +0.000000] *BAD*gran_size: 8M 	chunk_size: 64G 	num_reg: 10  	lose cover RAM: -32G
[  +0.000000]  gran_size: 8M 	chunk_size: 128G 	num_reg: 10  	lose cover RAM: 0G
[  +0.000000]  gran_size: 8M 	chunk_size: 256G 	num_reg: 10  	lose cover RAM: 161G
[  +0.000000]  gran_size: 8M 	chunk_size: 512G 	num_reg: 10  	lose cover RAM: 161G
[  +0.000000]  gran_size: 8M 	chunk_size: 1024G 	num_reg: 10  	lose cover RAM: 161G
[  +0.000000]  gran_size: 8M 	chunk_size: 2048G 	num_reg: 10  	lose cover RAM: 161G
[  +0.000000]  gran_size: 8M 	chunk_size: 4096G 	num_reg: 10  	lose cover RAM: 161G
[  +0.000000]  gran_size: 8M 	chunk_size: 8192G 	num_reg: 10  	lose cover RAM: 161G
[  +0.000000]  gran_size: 8M 	chunk_size: 16384G 	num_reg: 10  	lose cover RAM: 161G
[  +0.000000]  gran_size: 8M 	chunk_size: 32768G 	num_reg: 10  	lose cover RAM: 161G
[  +0.000000]  gran_size: 16M 	chunk_size: 16M 	num_reg: 10  	lose cover RAM: 161G
[  +0.000000]  gran_size: 16M 	chunk_size: 32M 	num_reg: 10  	lose cover RAM: 0G
[  +0.000000]  gran_size: 16M 	chunk_size: 64M 	num_reg: 10  	lose cover RAM: 0G
[  +0.000000]  gran_size: 16M 	chunk_size: 128M 	num_reg: 10  	lose cover RAM: 0G
[  +0.000000]  gran_size: 16M 	chunk_size: 256M 	num_reg: 10  	lose cover RAM: 0G
[  +0.000000]  gran_size: 16M 	chunk_size: 512M 	num_reg: 10  	lose cover RAM: 0G
[  +0.000000]  gran_size: 16M 	chunk_size: 1G 	num_reg: 10  	lose cover RAM: 0G
[  +0.000000] *BAD*gran_size: 16M 	chunk_size: 2G 	num_reg: 10  	lose cover RAM: -1G
[  +0.000000] *BAD*gran_size: 16M 	chunk_size: 4G 	num_reg: 10  	lose cover RAM: -3G
[  +0.000000] *BAD*gran_size: 16M 	chunk_size: 8G 	num_reg: 10  	lose cover RAM: -6G
[  +0.000000] *BAD*gran_size: 16M 	chunk_size: 16G 	num_reg: 10  	lose cover RAM: -12G
[  +0.000000] *BAD*gran_size: 16M 	chunk_size: 32G 	num_reg: 10  	lose cover RAM: -24G
[  +0.000000] *BAD*gran_size: 16M 	chunk_size: 64G 	num_reg: 10  	lose cover RAM: -32G
[  +0.000000]  gran_size: 16M 	chunk_size: 128G 	num_reg: 10  	lose cover RAM: 0G
[  +0.000000]  gran_size: 16M 	chunk_size: 256G 	num_reg: 10  	lose cover RAM: 161G
[  +0.000000]  gran_size: 16M 	chunk_size: 512G 	num_reg: 10  	lose cover RAM: 161G
[  +0.000000]  gran_size: 16M 	chunk_size: 1024G 	num_reg: 10  	lose cover RAM: 161G
[  +0.000000]  gran_size: 16M 	chunk_size: 2048G 	num_reg: 10  	lose cover RAM: 161G
[  +0.000000]  gran_size: 16M 	chunk_size: 4096G 	num_reg: 10  	lose cover RAM: 161G
[  +0.000000]  gran_size: 16M 	chunk_size: 8192G 	num_reg: 10  	lose cover RAM: 161G
[  +0.000000]  gran_size: 16M 	chunk_size: 16384G 	num_reg: 10  	lose cover RAM: 161G
[  +0.000000]  gran_size: 16M 	chunk_size: 32768G 	num_reg: 10  	lose cover RAM: 161G
[  +0.000000]  gran_size: 32M 	chunk_size: 32M 	num_reg: 10  	lose cover RAM: 132112M
[  +0.000000]  gran_size: 32M 	chunk_size: 64M 	num_reg: 10  	lose cover RAM: 16M
[  +0.000000]  gran_size: 32M 	chunk_size: 128M 	num_reg: 10  	lose cover RAM: 16M
[  +0.000000]  gran_size: 32M 	chunk_size: 256M 	num_reg: 10  	lose cover RAM: 16M
[  +0.000000]  gran_size: 32M 	chunk_size: 512M 	num_reg: 10  	lose cover RAM: 16M
[  +0.000000]  gran_size: 32M 	chunk_size: 1G 	num_reg: 10  	lose cover RAM: 16M
[  +0.000000] *BAD*gran_size: 32M 	chunk_size: 2G 	num_reg: 10  	lose cover RAM: -1008M
[  +0.000000] *BAD*gran_size: 32M 	chunk_size: 4G 	num_reg: 10  	lose cover RAM: -3056M
[  +0.000000] *BAD*gran_size: 32M 	chunk_size: 8G 	num_reg: 10  	lose cover RAM: -6128M
[  +0.000000] *BAD*gran_size: 32M 	chunk_size: 16G 	num_reg: 10  	lose cover RAM: -12272M
[  +0.000000] *BAD*gran_size: 32M 	chunk_size: 32G 	num_reg: 10  	lose cover RAM: -24560M
[  +0.000000] *BAD*gran_size: 32M 	chunk_size: 64G 	num_reg: 10  	lose cover RAM: -32752M
[  +0.000000]  gran_size: 32M 	chunk_size: 128G 	num_reg: 10  	lose cover RAM: 16M
[  +0.000000]  gran_size: 32M 	chunk_size: 256G 	num_reg: 10  	lose cover RAM: 132112M
[  +0.000000]  gran_size: 32M 	chunk_size: 512G 	num_reg: 10  	lose cover RAM: 132112M
[  +0.000000]  gran_size: 32M 	chunk_size: 1024G 	num_reg: 10  	lose cover RAM: 132112M
[  +0.000000]  gran_size: 32M 	chunk_size: 2048G 	num_reg: 10  	lose cover RAM: 132112M
[  +0.000000]  gran_size: 32M 	chunk_size: 4096G 	num_reg: 10  	lose cover RAM: 132112M
[  +0.000000]  gran_size: 32M 	chunk_size: 8192G 	num_reg: 10  	lose cover RAM: 132112M
[  +0.000000]  gran_size: 32M 	chunk_size: 16384G 	num_reg: 10  	lose cover RAM: 132112M
[  +0.000000]  gran_size: 32M 	chunk_size: 32768G 	num_reg: 10  	lose cover RAM: 132112M
[  +0.000000]  gran_size: 64M 	chunk_size: 64M 	num_reg: 10  	lose cover RAM: 66608M
[  +0.000000]  gran_size: 64M 	chunk_size: 128M 	num_reg: 10  	lose cover RAM: 48M
[  +0.000000]  gran_size: 64M 	chunk_size: 256M 	num_reg: 10  	lose cover RAM: 48M
[  +0.000000]  gran_size: 64M 	chunk_size: 512M 	num_reg: 10  	lose cover RAM: 48M
[  +0.000000]  gran_size: 64M 	chunk_size: 1G 	num_reg: 10  	lose cover RAM: 48M
[  +0.000000] *BAD*gran_size: 64M 	chunk_size: 2G 	num_reg: 10  	lose cover RAM: -976M
[  +0.000000] *BAD*gran_size: 64M 	chunk_size: 4G 	num_reg: 10  	lose cover RAM: -3024M
[  +0.000000] *BAD*gran_size: 64M 	chunk_size: 8G 	num_reg: 10  	lose cover RAM: -6096M
[  +0.000000] *BAD*gran_size: 64M 	chunk_size: 16G 	num_reg: 10  	lose cover RAM: -12240M
[  +0.000000] mtrr_cleanup: can not find optimal value
[  +0.000000] please specify mtrr_gran_size/mtrr_chunk_size
[  +0.000000] e820: update [mem 0xbf000000-0xffffffff] usable ==> reserved
[  +0.000000] e820: last_pfn = 0xaf800 max_arch_pfn = 0x400000000
[  +0.000000] Base memory trampoline at [ffff971680098000] 98000 size 24576
[  +0.000000] Using GB pages for direct mapping
[  +0.000000] BRK [0xc87253000, 0xc87253fff] PGTABLE
[  +0.000000] BRK [0xc87254000, 0xc87254fff] PGTABLE
[  +0.000000] BRK [0xc87255000, 0xc87255fff] PGTABLE
[  +0.000000] BRK [0xc87256000, 0xc87256fff] PGTABLE
[  +0.000000] BRK [0xc87257000, 0xc87257fff] PGTABLE
[  +0.000000] BRK [0xc87258000, 0xc87258fff] PGTABLE
[  +0.000000] BRK [0xc87259000, 0xc87259fff] PGTABLE
[  +0.000000] BRK [0xc8725a000, 0xc8725afff] PGTABLE
[  +0.000000] BRK [0xc8725b000, 0xc8725bfff] PGTABLE
[  +0.000000] BRK [0xc8725c000, 0xc8725cfff] PGTABLE
[  +0.000000] BRK [0xc8725d000, 0xc8725dfff] PGTABLE
[  +0.000000] RAMDISK: [mem 0x4cc27000-0x4f448fff]
[  +0.000000] Early table checksum verification disabled
[  +0.000000] ACPI: RSDP 00000000a5bb3000 00024 (v02 LENOVO)
[  +0.000000] ACPI: XSDT 00000000a5bb30d8 0012C (v01 LENOVO THINKSYS 00000100 AMI  00010013)
[  +0.000000] ACPI: FACP 00000000a5eb5a90 00114 (v06 LENOVO THINKSYS 00000100 INTL 20091013)
[  +0.000000] ACPI: DSDT 00000000a5bb3290 3027FB (v02 LENOVO THINKSYS 00000100 INTL 20091013)
[  +0.000000] ACPI: FACS 00000000a6ba1080 00040
[  +0.000000] ACPI: FIDT 00000000a5eb5ba8 0009C (v01 LENOVO THINKSYS 00000100 AMI  00010013)
[  +0.000000] ACPI: TCPA 00000000a5eb5c48 00032 (v02 LENOVO THINKSYS 00000000 MSFT 01000013)
[  +0.000000] ACPI: OEM9 00000000a5eb5c80 00030 (v01    LNV LNVGYERR 00000003      00000000)
[  +0.000000] ACPI: SLIC 00000000a5eb5cb0 00176 (v01 LENOVO THINKSYS 00000100 AMI  00010013)
[  +0.000000] ACPI: SSDT 00000000a5eb5e28 003A2 (v02 LENOVO THINKSYS 00001000 INTL 20140828)
[  +0.000000] ACPI: SSDT 00000000a5eb61d0 0046C (v02  INTEL ADDRXLAT 00000001 INTL 20140828)
[  +0.000000] ACPI: MCFG 00000000a5eb6640 0003C (v01 LENOVO THINKSYS 00000100 MSFT 00000097)
[  +0.000000] ACPI: HPET 00000000a5eb6680 00038 (v01 LENOVO THINKSYS 00000001 INTL 20091013)
[  +0.000000] ACPI: APIC 00000000a5eb66b8 016DE (v03 LENOVO THINKSYS 00000000 INTL 20091013)
[  +0.000000] ACPI: MIGT 00000000a5eb7d98 00040 (v01 LENOVO THINKSYS 00000000 INTL 20091013)
[  +0.000000] ACPI: MSCT 00000000a5eb7dd8 00090 (v01 LENOVO THINKSYS 00000001 INTL 20091013)
[  +0.000000] ACPI: PCAT 00000000a5eb7e68 00088 (v02 LENOVO THINKSYS 00000002 INTL 20091013)
[  +0.000000] ACPI: PCCT 00000000a5eb7ef0 0006E (v01 LENOVO THINKSYS 00000002 INTL 20091013)
[  +0.000000] ACPI: RASF 00000000a5eb7f60 00030 (v01 LENOVO THINKSYS 00000001 INTL 20091013)
[  +0.000000] ACPI: SLIT 00000000a5eb7f90 0042C (v01 LENOVO THINKSYS 00000001 INTL 20091013)
[  +0.000000] ACPI: SRAT 00000000a5eb83c0 02D30 (v03 LENOVO THINKSYS 00000002 INTL 20091013)
[  +0.000000] ACPI: SVOS 00000000a5ebb0f0 00032 (v01 LENOVO THINKSYS 00000000 INTL 20091013)
[  +0.000000] ACPI: WDDT 00000000a5ebb128 00040 (v01 LENOVO THINKSYS 00000000 INTL 20091013)
[  +0.000000] ACPI: OEM4 00000000a5ebb168 A27C4 (v02  INTEL CPU  CST 00003000 INTL 20140828)
[  +0.000000] ACPI: OEM2 00000000a5f5d930 2EA84 (v02  INTEL CPU  HWP 00003000 INTL 20140828)
[  +0.000000] ACPI: SSDT 00000000a5f8c3b8 33990 (v02  INTEL SSDT  PM 00004000 INTL 20140828)
[  +0.000000] ACPI: SSDT 00000000a5fbfd48 0065B (v02 LENOVO THINKSYS 00000000 INTL 20091013)
[  +0.000000] ACPI: SPCR 00000000a5fc03a8 00050 (v02 LENOVO THINKSYS 00000100 AMI. 0005000E)
[  +0.000000] ACPI: SSDT 00000000a5fc03f8 02B10 (v02  INTEL SpsNm    00000002 INTL 20140828)
[  +0.000000] ACPI: HEST 00000000a5fc2f08 00348 (v01 LENOVO THINKSYS 00000001 INTL 00000001)
[  +0.000000] ACPI: BERT 00000000a5fc3250 00030 (v01 LENOVO THINKSYS 00000001 INTL 00000001)
[  +0.000000] ACPI: ERST 00000000a5fc3280 00230 (v01 LENOVO THINKSYS 00000001 INTL 00000001)
[  +0.000000] ACPI: EINJ 00000000a5fc34b0 00150 (v01 LENOVO THINKSYS 00000001 INTL 00000001)
[  +0.000000] ACPI: SSDT 00000000a5fc3600 003EE (v02 LENOVO CDNTABLE 00001000 INTL 20140828)
[  +0.000000] ACPI: SSDT 00000000a5fc39f0 00074 (v02 LENOVO PCHSLOTS 00001000 INTL 20140828)
[  +0.000000] ACPI: WSMT 00000000a5fc3a68 00028 (v01 LENOVO THINKSYS 00000100 AMI  00010013)
[  +0.000000] ACPI: FPDT 00000000a5fc3a90 00054 (v01 LENOVO THINKSYS 00000100 AMI  00010013)
[  +0.000000] ACPI: Local APIC address 0xfee00000
[  +0.000000] system APIC only can use physical flat
[  +0.000000] Setting APIC routing to physical flat.
[  +0.000000] SRAT: PXM 0 -> APIC 0x00 -> Node 0
[  +0.000000] SRAT: PXM 0 -> APIC 0x02 -> Node 0
[  +0.000000] SRAT: PXM 0 -> APIC 0x04 -> Node 0
[  +0.000000] SRAT: PXM 0 -> APIC 0x06 -> Node 0
[  +0.000000] SRAT: PXM 0 -> APIC 0x08 -> Node 0
[  +0.000000] SRAT: PXM 0 -> APIC 0x10 -> Node 0
[  +0.000000] SRAT: PXM 0 -> APIC 0x12 -> Node 0
[  +0.000000] SRAT: PXM 0 -> APIC 0x14 -> Node 0
[  +0.000000] SRAT: PXM 0 -> APIC 0x16 -> Node 0
[  +0.000000] SRAT: PXM 0 -> APIC 0x18 -> Node 0
[  +0.000000] SRAT: PXM 0 -> APIC 0x20 -> Node 0
[  +0.000000] SRAT: PXM 0 -> APIC 0x22 -> Node 0
[  +0.000000] SRAT: PXM 0 -> APIC 0x24 -> Node 0
[  +0.000000] SRAT: PXM 0 -> APIC 0x26 -> Node 0
[  +0.000000] SRAT: PXM 0 -> APIC 0x28 -> Node 0
[  +0.000000] SRAT: PXM 0 -> APIC 0x30 -> Node 0
[  +0.000000] SRAT: PXM 0 -> APIC 0x32 -> Node 0
[  +0.000000] SRAT: PXM 0 -> APIC 0x34 -> Node 0
[  +0.000000] SRAT: PXM 0 -> APIC 0x36 -> Node 0
[  +0.000000] SRAT: PXM 0 -> APIC 0x38 -> Node 0
[  +0.000000] SRAT: PXM 1 -> APIC 0x40 -> Node 1
[  +0.000000] SRAT: PXM 1 -> APIC 0x42 -> Node 1
[  +0.000000] SRAT: PXM 1 -> APIC 0x44 -> Node 1
[  +0.000000] SRAT: PXM 1 -> APIC 0x46 -> Node 1
[  +0.000000] SRAT: PXM 1 -> APIC 0x48 -> Node 1
[  +0.000000] SRAT: PXM 1 -> APIC 0x50 -> Node 1
[  +0.000000] SRAT: PXM 1 -> APIC 0x52 -> Node 1
[  +0.000000] SRAT: PXM 1 -> APIC 0x54 -> Node 1
[  +0.000000] SRAT: PXM 1 -> APIC 0x56 -> Node 1
[  +0.000000] SRAT: PXM 1 -> APIC 0x58 -> Node 1
[  +0.000000] SRAT: PXM 1 -> APIC 0x60 -> Node 1
[  +0.000000] SRAT: PXM 1 -> APIC 0x62 -> Node 1
[  +0.000000] SRAT: PXM 1 -> APIC 0x64 -> Node 1
[  +0.000000] SRAT: PXM 1 -> APIC 0x66 -> Node 1
[  +0.000000] SRAT: PXM 1 -> APIC 0x68 -> Node 1
[  +0.000000] SRAT: PXM 1 -> APIC 0x70 -> Node 1
[  +0.000000] SRAT: PXM 1 -> APIC 0x72 -> Node 1
[  +0.000000] SRAT: PXM 1 -> APIC 0x74 -> Node 1
[  +0.000000] SRAT: PXM 1 -> APIC 0x76 -> Node 1
[  +0.000000] SRAT: PXM 1 -> APIC 0x78 -> Node 1
[  +0.000000] SRAT: PXM 0 -> APIC 0x01 -> Node 0
[  +0.000000] SRAT: PXM 0 -> APIC 0x03 -> Node 0
[  +0.000000] SRAT: PXM 0 -> APIC 0x05 -> Node 0
[  +0.000000] SRAT: PXM 0 -> APIC 0x07 -> Node 0
[  +0.000000] SRAT: PXM 0 -> APIC 0x09 -> Node 0
[  +0.000000] SRAT: PXM 0 -> APIC 0x11 -> Node 0
[  +0.000000] SRAT: PXM 0 -> APIC 0x13 -> Node 0
[  +0.000000] SRAT: PXM 0 -> APIC 0x15 -> Node 0
[  +0.000000] SRAT: PXM 0 -> APIC 0x17 -> Node 0
[  +0.000000] SRAT: PXM 0 -> APIC 0x19 -> Node 0
[  +0.000000] SRAT: PXM 0 -> APIC 0x21 -> Node 0
[  +0.000000] SRAT: PXM 0 -> APIC 0x23 -> Node 0
[  +0.000000] SRAT: PXM 0 -> APIC 0x25 -> Node 0
[  +0.000000] SRAT: PXM 0 -> APIC 0x27 -> Node 0
[  +0.000000] SRAT: PXM 0 -> APIC 0x29 -> Node 0
[  +0.000000] SRAT: PXM 0 -> APIC 0x31 -> Node 0
[  +0.000000] SRAT: PXM 0 -> APIC 0x33 -> Node 0
[  +0.000000] SRAT: PXM 0 -> APIC 0x35 -> Node 0
[  +0.000000] SRAT: PXM 0 -> APIC 0x37 -> Node 0
[  +0.000000] SRAT: PXM 0 -> APIC 0x39 -> Node 0
[  +0.000000] SRAT: PXM 1 -> APIC 0x41 -> Node 1
[  +0.000000] SRAT: PXM 1 -> APIC 0x43 -> Node 1
[  +0.000000] SRAT: PXM 1 -> APIC 0x45 -> Node 1
[  +0.000000] SRAT: PXM 1 -> APIC 0x47 -> Node 1
[  +0.000000] SRAT: PXM 1 -> APIC 0x49 -> Node 1
[  +0.000000] SRAT: PXM 1 -> APIC 0x51 -> Node 1
[  +0.000000] SRAT: PXM 1 -> APIC 0x53 -> Node 1
[  +0.000000] SRAT: PXM 1 -> APIC 0x55 -> Node 1
[  +0.000000] SRAT: PXM 1 -> APIC 0x57 -> Node 1
[  +0.000000] SRAT: PXM 1 -> APIC 0x59 -> Node 1
[  +0.000000] SRAT: PXM 1 -> APIC 0x61 -> Node 1
[  +0.000000] SRAT: PXM 1 -> APIC 0x63 -> Node 1
[  +0.000000] SRAT: PXM 1 -> APIC 0x65 -> Node 1
[  +0.000000] SRAT: PXM 1 -> APIC 0x67 -> Node 1
[  +0.000000] SRAT: PXM 1 -> APIC 0x69 -> Node 1
[  +0.000000] SRAT: PXM 1 -> APIC 0x71 -> Node 1
[  +0.000000] SRAT: PXM 1 -> APIC 0x73 -> Node 1
[  +0.000000] SRAT: PXM 1 -> APIC 0x75 -> Node 1
[  +0.000000] SRAT: PXM 1 -> APIC 0x77 -> Node 1
[  +0.000000] SRAT: PXM 1 -> APIC 0x79 -> Node 1
[  +0.000000] SRAT: Node 0 PXM 0 [mem 0x00000000-0xbfffffff]
[  +0.000000] SRAT: Node 0 PXM 0 [mem 0x100000000-0x183fffffff]
[  +0.000000] SRAT: Node 1 PXM 1 [mem 0x1840000000-0x303fffffff]
[  +0.000000] NUMA: Initialized distance table, cnt=2
[  +0.000000] NUMA: Node 0 [mem 0x00000000-0xbfffffff] + [mem 0x100000000-0x183fffffff] -> [mem 0x00000000-0x183fffffff]
[  +0.000000] NODE_DATA(0) allocated [mem 0x183ffd9000-0x183fffffff]
[  +0.000000] NODE_DATA(1) allocated [mem 0x303ffd8000-0x303fffefff]
[  +0.000000] Zone ranges:
[  +0.000000]   DMA      [mem 0x00001000-0x00ffffff]
[  +0.000000]   DMA32    [mem 0x01000000-0xffffffff]
[  +0.000000]   Normal   [mem 0x100000000-0x303fffffff]
[  +0.000000] Movable zone start for each node
[  +0.000000] Early memory node ranges
[  +0.000000]   node   0: [mem 0x00001000-0x0009ffff]
[  +0.000000]   node   0: [mem 0x00100000-0xa5aaefff]
[  +0.000000]   node   0: [mem 0xa6be5000-0xa7b4afff]
[  +0.000000]   node   0: [mem 0xaa95e000-0xaf3f3fff]
[  +0.000000]   node   0: [mem 0xaf426000-0xaf7fffff]
[  +0.000000]   node   0: [mem 0x100000000-0x183fffffff]
[  +0.000000]   node   1: [mem 0x1840000000-0x303fffffff]
[  +0.000000] Initmem setup node 0 [mem 0x00001000-0x183fffffff]
[  +0.000000] On node 0 totalpages: 25081892
[  +0.000000]   DMA zone: 64 pages used for memmap
[  +0.000000]   DMA zone: 23 pages reserved
[  +0.000000]   DMA zone: 3999 pages, LIFO batch:0
[  +0.000000]   DMA32 zone: 10915 pages used for memmap
[  +0.000000]   DMA32 zone: 698501 pages, LIFO batch:31
[  +0.000000]   Normal zone: 380928 pages used for memmap
[  +0.000000]   Normal zone: 24379392 pages, LIFO batch:31
[  +0.000000] Initmem setup node 1 [mem 0x1840000000-0x303fffffff]
[  +0.000000] On node 1 totalpages: 25165824
[  +0.000000]   Normal zone: 393216 pages used for memmap
[  +0.000000]   Normal zone: 25165824 pages, LIFO batch:31
[  +0.000000] tboot: non-0 tboot_addr but it is not of type E820_RESERVED
[  +0.000000] ACPI: PM-Timer IO Port: 0x508
[  +0.000000] ACPI: Local APIC address 0xfee00000
[  +0.000000] system APIC only can use physical flat
[  +0.000000] ACPI: LAPIC (acpi_id[0x00] lapic_id[0x00] enabled)
[  +0.000000] ACPI: LAPIC (acpi_id[0x01] lapic_id[0x02] enabled)
[  +0.000000] ACPI: LAPIC (acpi_id[0x02] lapic_id[0x04] enabled)
[  +0.000000] ACPI: LAPIC (acpi_id[0x03] lapic_id[0x06] enabled)
[  +0.000000] ACPI: LAPIC (acpi_id[0x04] lapic_id[0x08] enabled)
[  +0.000000] ACPI: LAPIC (acpi_id[0x05] lapic_id[0x10] enabled)
[  +0.000000] ACPI: LAPIC (acpi_id[0x06] lapic_id[0x12] enabled)
[  +0.000000] ACPI: LAPIC (acpi_id[0x07] lapic_id[0x14] enabled)
[  +0.000000] ACPI: LAPIC (acpi_id[0x08] lapic_id[0x16] enabled)
[  +0.000000] ACPI: LAPIC (acpi_id[0x09] lapic_id[0x18] enabled)
[  +0.000000] ACPI: LAPIC (acpi_id[0x0a] lapic_id[0x20] enabled)
[  +0.000000] ACPI: LAPIC (acpi_id[0x0b] lapic_id[0x22] enabled)
[  +0.000000] ACPI: LAPIC (acpi_id[0x0c] lapic_id[0x24] enabled)
[  +0.000000] ACPI: LAPIC (acpi_id[0x0d] lapic_id[0x26] enabled)
[  +0.000000] ACPI: LAPIC (acpi_id[0x0e] lapic_id[0x28] enabled)
[  +0.000000] ACPI: LAPIC (acpi_id[0x0f] lapic_id[0x30] enabled)
[  +0.000000] ACPI: LAPIC (acpi_id[0x10] lapic_id[0x32] enabled)
[  +0.000000] ACPI: LAPIC (acpi_id[0x11] lapic_id[0x34] enabled)
[  +0.000000] ACPI: LAPIC (acpi_id[0x12] lapic_id[0x36] enabled)
[  +0.000000] ACPI: LAPIC (acpi_id[0x13] lapic_id[0x38] enabled)
[  +0.000000] ACPI: LAPIC (acpi_id[0x40] lapic_id[0x40] enabled)
[  +0.000000] ACPI: LAPIC (acpi_id[0x41] lapic_id[0x42] enabled)
[  +0.000000] ACPI: LAPIC (acpi_id[0x42] lapic_id[0x44] enabled)
[  +0.000000] ACPI: LAPIC (acpi_id[0x43] lapic_id[0x46] enabled)
[  +0.000000] ACPI: LAPIC (acpi_id[0x44] lapic_id[0x48] enabled)
[  +0.000000] ACPI: LAPIC (acpi_id[0x45] lapic_id[0x50] enabled)
[  +0.000000] ACPI: LAPIC (acpi_id[0x46] lapic_id[0x52] enabled)
[  +0.000000] ACPI: LAPIC (acpi_id[0x47] lapic_id[0x54] enabled)
[  +0.000000] ACPI: LAPIC (acpi_id[0x48] lapic_id[0x56] enabled)
[  +0.000000] ACPI: LAPIC (acpi_id[0x49] lapic_id[0x58] enabled)
[  +0.000000] ACPI: LAPIC (acpi_id[0x4a] lapic_id[0x60] enabled)
[  +0.000000] ACPI: LAPIC (acpi_id[0x4b] lapic_id[0x62] enabled)
[  +0.000000] ACPI: LAPIC (acpi_id[0x4c] lapic_id[0x64] enabled)
[  +0.000000] ACPI: LAPIC (acpi_id[0x4d] lapic_id[0x66] enabled)
[  +0.000000] ACPI: LAPIC (acpi_id[0x4e] lapic_id[0x68] enabled)
[  +0.000000] ACPI: LAPIC (acpi_id[0x4f] lapic_id[0x70] enabled)
[  +0.000000] ACPI: LAPIC (acpi_id[0x50] lapic_id[0x72] enabled)
[  +0.000000] ACPI: LAPIC (acpi_id[0x51] lapic_id[0x74] enabled)
[  +0.000000] ACPI: LAPIC (acpi_id[0x52] lapic_id[0x76] enabled)
[  +0.000000] ACPI: LAPIC (acpi_id[0x53] lapic_id[0x78] enabled)
[  +0.000000] ACPI: LAPIC (acpi_id[0x14] lapic_id[0x01] enabled)
[  +0.000000] ACPI: LAPIC (acpi_id[0x15] lapic_id[0x03] enabled)
[  +0.000000] ACPI: LAPIC (acpi_id[0x16] lapic_id[0x05] enabled)
[  +0.000000] ACPI: LAPIC (acpi_id[0x17] lapic_id[0x07] enabled)
[  +0.000000] ACPI: LAPIC (acpi_id[0x18] lapic_id[0x09] enabled)
[  +0.000000] ACPI: LAPIC (acpi_id[0x19] lapic_id[0x11] enabled)
[  +0.000000] ACPI: LAPIC (acpi_id[0x1a] lapic_id[0x13] enabled)
[  +0.000000] ACPI: LAPIC (acpi_id[0x1b] lapic_id[0x15] enabled)
[  +0.000000] ACPI: LAPIC (acpi_id[0x1c] lapic_id[0x17] enabled)
[  +0.000000] ACPI: LAPIC (acpi_id[0x1d] lapic_id[0x19] enabled)
[  +0.000000] ACPI: LAPIC (acpi_id[0x1e] lapic_id[0x21] enabled)
[  +0.000000] ACPI: LAPIC (acpi_id[0x1f] lapic_id[0x23] enabled)
[  +0.000000] ACPI: LAPIC (acpi_id[0x20] lapic_id[0x25] enabled)
[  +0.000000] ACPI: LAPIC (acpi_id[0x21] lapic_id[0x27] enabled)
[  +0.000000] ACPI: LAPIC (acpi_id[0x22] lapic_id[0x29] enabled)
[  +0.000000] ACPI: LAPIC (acpi_id[0x23] lapic_id[0x31] enabled)
[  +0.000000] ACPI: LAPIC (acpi_id[0x24] lapic_id[0x33] enabled)
[  +0.000000] ACPI: LAPIC (acpi_id[0x25] lapic_id[0x35] enabled)
[  +0.000000] ACPI: LAPIC (acpi_id[0x26] lapic_id[0x37] enabled)
[  +0.000000] ACPI: LAPIC (acpi_id[0x27] lapic_id[0x39] enabled)
[  +0.000000] ACPI: LAPIC (acpi_id[0x54] lapic_id[0x41] enabled)
[  +0.000000] ACPI: LAPIC (acpi_id[0x55] lapic_id[0x43] enabled)
[  +0.000000] ACPI: LAPIC (acpi_id[0x56] lapic_id[0x45] enabled)
[  +0.000000] ACPI: LAPIC (acpi_id[0x57] lapic_id[0x47] enabled)
[  +0.000000] ACPI: LAPIC (acpi_id[0x58] lapic_id[0x49] enabled)
[  +0.000000] ACPI: LAPIC (acpi_id[0x59] lapic_id[0x51] enabled)
[  +0.000000] ACPI: LAPIC (acpi_id[0x5a] lapic_id[0x53] enabled)
[  +0.000000] ACPI: LAPIC (acpi_id[0x5b] lapic_id[0x55] enabled)
[  +0.000000] ACPI: LAPIC (acpi_id[0x5c] lapic_id[0x57] enabled)
[  +0.000000] ACPI: LAPIC (acpi_id[0x5d] lapic_id[0x59] enabled)
[  +0.000000] ACPI: LAPIC (acpi_id[0x5e] lapic_id[0x61] enabled)
[  +0.000000] ACPI: LAPIC (acpi_id[0x5f] lapic_id[0x63] enabled)
[  +0.000000] ACPI: LAPIC (acpi_id[0x60] lapic_id[0x65] enabled)
[  +0.000000] ACPI: LAPIC (acpi_id[0x61] lapic_id[0x67] enabled)
[  +0.000000] ACPI: LAPIC (acpi_id[0x62] lapic_id[0x69] enabled)
[  +0.000000] ACPI: LAPIC (acpi_id[0x63] lapic_id[0x71] enabled)
[  +0.000000] ACPI: LAPIC (acpi_id[0x64] lapic_id[0x73] enabled)
[  +0.000000] ACPI: LAPIC (acpi_id[0x65] lapic_id[0x75] enabled)
[  +0.000000] ACPI: LAPIC (acpi_id[0x66] lapic_id[0x77] enabled)
[  +0.000000] ACPI: LAPIC (acpi_id[0x67] lapic_id[0x79] enabled)
[  +0.000000] ACPI: LAPIC (acpi_id[0xff] lapic_id[0xff] disabled)
[  +0.000000] ACPI: LAPIC (acpi_id[0xff] lapic_id[0xff] disabled)
[  +0.000000] ACPI: LAPIC (acpi_id[0xff] lapic_id[0xff] disabled)
[  +0.000000] ACPI: LAPIC (acpi_id[0xff] lapic_id[0xff] disabled)
[  +0.000000] ACPI: LAPIC (acpi_id[0xff] lapic_id[0xff] disabled)
[  +0.000000] ACPI: LAPIC (acpi_id[0xff] lapic_id[0xff] disabled)
[  +0.000000] ACPI: LAPIC (acpi_id[0xff] lapic_id[0xff] disabled)
[  +0.000000] ACPI: LAPIC (acpi_id[0xff] lapic_id[0xff] disabled)
[  +0.000000] ACPI: LAPIC (acpi_id[0xff] lapic_id[0xff] disabled)
[  +0.000000] ACPI: LAPIC (acpi_id[0xff] lapic_id[0xff] disabled)
[  +0.000000] ACPI: LAPIC (acpi_id[0xff] lapic_id[0xff] disabled)
[  +0.000000] ACPI: LAPIC (acpi_id[0xff] lapic_id[0xff] disabled)
[  +0.000000] ACPI: LAPIC (acpi_id[0xff] lapic_id[0xff] disabled)
[  +0.000000] ACPI: LAPIC (acpi_id[0xff] lapic_id[0xff] disabled)
[  +0.000000] ACPI: LAPIC (acpi_id[0xff] lapic_id[0xff] disabled)
[  +0.000000] ACPI: LAPIC (acpi_id[0xff] lapic_id[0xff] disabled)
[  +0.000000] ACPI: LAPIC (acpi_id[0xff] lapic_id[0xff] disabled)
[  +0.000000] ACPI: LAPIC (acpi_id[0xff] lapic_id[0xff] disabled)
[  +0.000000] ACPI: LAPIC (acpi_id[0xff] lapic_id[0xff] disabled)
[  +0.000000] ACPI: LAPIC (acpi_id[0xff] lapic_id[0xff] disabled)
[  +0.000000] ACPI: LAPIC (acpi_id[0xff] lapic_id[0xff] disabled)
[  +0.000000] ACPI: LAPIC (acpi_id[0xff] lapic_id[0xff] disabled)
[  +0.000000] ACPI: LAPIC (acpi_id[0xff] lapic_id[0xff] disabled)
[  +0.000000] ACPI: LAPIC (acpi_id[0xff] lapic_id[0xff] disabled)
[  +0.000000] ACPI: LAPIC (acpi_id[0xff] lapic_id[0xff] disabled)
[  +0.000000] ACPI: LAPIC (acpi_id[0xff] lapic_id[0xff] disabled)
[  +0.000000] ACPI: LAPIC (acpi_id[0xff] lapic_id[0xff] disabled)
[  +0.000000] ACPI: LAPIC (acpi_id[0xff] lapic_id[0xff] disabled)
[  +0.000000] ACPI: LAPIC (acpi_id[0xff] lapic_id[0xff] disabled)
[  +0.000000] ACPI: LAPIC (acpi_id[0xff] lapic_id[0xff] disabled)
[  +0.000000] ACPI: LAPIC (acpi_id[0xff] lapic_id[0xff] disabled)
[  +0.000000] ACPI: LAPIC (acpi_id[0xff] lapic_id[0xff] disabled)
[  +0.000000] ACPI: LAPIC (acpi_id[0xff] lapic_id[0xff] disabled)
[  +0.000000] ACPI: LAPIC (acpi_id[0xff] lapic_id[0xff] disabled)
[  +0.000000] ACPI: LAPIC (acpi_id[0xff] lapic_id[0xff] disabled)
[  +0.000000] ACPI: LAPIC (acpi_id[0xff] lapic_id[0xff] disabled)
[  +0.000000] ACPI: LAPIC (acpi_id[0xff] lapic_id[0xff] disabled)
[  +0.000000] ACPI: LAPIC (acpi_id[0xff] lapic_id[0xff] disabled)
[  +0.000000] ACPI: LAPIC (acpi_id[0xff] lapic_id[0xff] disabled)
[  +0.000000] ACPI: LAPIC (acpi_id[0xff] lapic_id[0xff] disabled)
[  +0.000000] ACPI: LAPIC (acpi_id[0xff] lapic_id[0xff] disabled)
[  +0.000000] ACPI: LAPIC (acpi_id[0xff] lapic_id[0xff] disabled)
[  +0.000000] ACPI: LAPIC (acpi_id[0xff] lapic_id[0xff] disabled)
[  +0.000000] ACPI: LAPIC (acpi_id[0xff] lapic_id[0xff] disabled)
[  +0.000000] ACPI: LAPIC (acpi_id[0xff] lapic_id[0xff] disabled)
[  +0.000000] ACPI: LAPIC (acpi_id[0xff] lapic_id[0xff] disabled)
[  +0.000000] ACPI: LAPIC (acpi_id[0xff] lapic_id[0xff] disabled)
[  +0.000000] ACPI: LAPIC (acpi_id[0xff] lapic_id[0xff] disabled)
[  +0.000000] ACPI: LAPIC (acpi_id[0xff] lapic_id[0xff] disabled)
[  +0.000000] ACPI: LAPIC (acpi_id[0xff] lapic_id[0xff] disabled)
[  +0.000000] ACPI: LAPIC (acpi_id[0xff] lapic_id[0xff] disabled)
[  +0.000000] ACPI: LAPIC (acpi_id[0xff] lapic_id[0xff] disabled)
[  +0.000000] ACPI: LAPIC (acpi_id[0xff] lapic_id[0xff] disabled)
[  +0.000000] ACPI: LAPIC (acpi_id[0xff] lapic_id[0xff] disabled)
[  +0.000000] ACPI: LAPIC (acpi_id[0xff] lapic_id[0xff] disabled)
[  +0.000000] ACPI: LAPIC (acpi_id[0xff] lapic_id[0xff] disabled)
[  +0.000000] ACPI: LAPIC (acpi_id[0xff] lapic_id[0xff] disabled)
[  +0.000000] ACPI: LAPIC (acpi_id[0xff] lapic_id[0xff] disabled)
[  +0.000000] ACPI: LAPIC (acpi_id[0xff] lapic_id[0xff] disabled)
[  +0.000000] ACPI: LAPIC (acpi_id[0xff] lapic_id[0xff] disabled)
[  +0.000000] ACPI: LAPIC (acpi_id[0xff] lapic_id[0xff] disabled)
[  +0.000000] ACPI: LAPIC (acpi_id[0xff] lapic_id[0xff] disabled)
[  +0.000000] ACPI: LAPIC (acpi_id[0xff] lapic_id[0xff] disabled)
[  +0.000000] ACPI: LAPIC (acpi_id[0xff] lapic_id[0xff] disabled)
[  +0.000000] ACPI: LAPIC (acpi_id[0xff] lapic_id[0xff] disabled)
[  +0.000000] ACPI: LAPIC (acpi_id[0xff] lapic_id[0xff] disabled)
[  +0.000000] ACPI: LAPIC (acpi_id[0xff] lapic_id[0xff] disabled)
[  +0.000000] ACPI: LAPIC (acpi_id[0xff] lapic_id[0xff] disabled)
[  +0.000000] ACPI: LAPIC (acpi_id[0xff] lapic_id[0xff] disabled)
[  +0.000000] ACPI: LAPIC (acpi_id[0xff] lapic_id[0xff] disabled)
[  +0.000000] ACPI: LAPIC (acpi_id[0xff] lapic_id[0xff] disabled)
[  +0.000000] ACPI: LAPIC (acpi_id[0xff] lapic_id[0xff] disabled)
[  +0.000000] ACPI: LAPIC (acpi_id[0xff] lapic_id[0xff] disabled)
[  +0.000000] ACPI: LAPIC (acpi_id[0xff] lapic_id[0xff] disabled)
[  +0.000000] ACPI: LAPIC (acpi_id[0xff] lapic_id[0xff] disabled)
[  +0.000000] ACPI: LAPIC (acpi_id[0xff] lapic_id[0xff] disabled)
[  +0.000000] ACPI: LAPIC (acpi_id[0xff] lapic_id[0xff] disabled)
[  +0.000000] ACPI: LAPIC (acpi_id[0xff] lapic_id[0xff] disabled)
[  +0.000000] ACPI: LAPIC (acpi_id[0xff] lapic_id[0xff] disabled)
[  +0.000000] ACPI: LAPIC (acpi_id[0xff] lapic_id[0xff] disabled)
[  +0.000000] ACPI: LAPIC (acpi_id[0xff] lapic_id[0xff] disabled)
[  +0.000000] ACPI: LAPIC (acpi_id[0xff] lapic_id[0xff] disabled)
[  +0.000000] ACPI: LAPIC (acpi_id[0xff] lapic_id[0xff] disabled)
[  +0.000000] ACPI: LAPIC (acpi_id[0xff] lapic_id[0xff] disabled)
[  +0.000000] ACPI: LAPIC (acpi_id[0xff] lapic_id[0xff] disabled)
[  +0.000000] ACPI: LAPIC (acpi_id[0xff] lapic_id[0xff] disabled)
[  +0.000000] ACPI: LAPIC (acpi_id[0xff] lapic_id[0xff] disabled)
[  +0.000000] ACPI: LAPIC (acpi_id[0xff] lapic_id[0xff] disabled)
[  +0.000000] ACPI: LAPIC (acpi_id[0xff] lapic_id[0xff] disabled)
[  +0.000000] ACPI: LAPIC (acpi_id[0xff] lapic_id[0xff] disabled)
[  +0.000000] ACPI: LAPIC (acpi_id[0xff] lapic_id[0xff] disabled)
[  +0.000000] ACPI: LAPIC (acpi_id[0xff] lapic_id[0xff] disabled)
[  +0.000000] ACPI: LAPIC (acpi_id[0xff] lapic_id[0xff] disabled)
[  +0.000000] ACPI: LAPIC (acpi_id[0xff] lapic_id[0xff] disabled)
[  +0.000000] ACPI: LAPIC (acpi_id[0xff] lapic_id[0xff] disabled)
[  +0.000000] ACPI: LAPIC (acpi_id[0xff] lapic_id[0xff] disabled)
[  +0.000000] ACPI: LAPIC (acpi_id[0xff] lapic_id[0xff] disabled)
[  +0.000000] ACPI: LAPIC (acpi_id[0xff] lapic_id[0xff] disabled)
[  +0.000000] ACPI: LAPIC (acpi_id[0xff] lapic_id[0xff] disabled)
[  +0.000000] ACPI: LAPIC (acpi_id[0xff] lapic_id[0xff] disabled)
[  +0.000000] ACPI: LAPIC (acpi_id[0xff] lapic_id[0xff] disabled)
[  +0.000000] ACPI: LAPIC (acpi_id[0xff] lapic_id[0xff] disabled)
[  +0.000000] ACPI: LAPIC (acpi_id[0xff] lapic_id[0xff] disabled)
[  +0.000000] ACPI: LAPIC (acpi_id[0xff] lapic_id[0xff] disabled)
[  +0.000000] ACPI: LAPIC (acpi_id[0xff] lapic_id[0xff] disabled)
[  +0.000000] ACPI: LAPIC (acpi_id[0xff] lapic_id[0xff] disabled)
[  +0.000000] ACPI: LAPIC (acpi_id[0xff] lapic_id[0xff] disabled)
[  +0.000000] ACPI: LAPIC (acpi_id[0xff] lapic_id[0xff] disabled)
[  +0.000000] ACPI: LAPIC (acpi_id[0xff] lapic_id[0xff] disabled)
[  +0.000000] ACPI: LAPIC (acpi_id[0xff] lapic_id[0xff] disabled)
[  +0.000000] ACPI: LAPIC (acpi_id[0xff] lapic_id[0xff] disabled)
[  +0.000000] ACPI: LAPIC (acpi_id[0xff] lapic_id[0xff] disabled)
[  +0.000000] ACPI: LAPIC (acpi_id[0xff] lapic_id[0xff] disabled)
[  +0.000000] ACPI: LAPIC (acpi_id[0xff] lapic_id[0xff] disabled)
[  +0.000000] ACPI: LAPIC (acpi_id[0xff] lapic_id[0xff] disabled)
[  +0.000000] ACPI: LAPIC (acpi_id[0xff] lapic_id[0xff] disabled)
[  +0.000000] ACPI: LAPIC (acpi_id[0xff] lapic_id[0xff] disabled)
[  +0.000000] ACPI: LAPIC (acpi_id[0xff] lapic_id[0xff] disabled)
[  +0.000000] ACPI: LAPIC (acpi_id[0xff] lapic_id[0xff] disabled)
[  +0.000000] ACPI: LAPIC (acpi_id[0xff] lapic_id[0xff] disabled)
[  +0.000000] ACPI: LAPIC (acpi_id[0xff] lapic_id[0xff] disabled)
[  +0.000000] ACPI: LAPIC (acpi_id[0xff] lapic_id[0xff] disabled)
[  +0.000000] ACPI: LAPIC (acpi_id[0xff] lapic_id[0xff] disabled)
[  +0.000000] ACPI: LAPIC (acpi_id[0xff] lapic_id[0xff] disabled)
[  +0.000000] ACPI: LAPIC (acpi_id[0xff] lapic_id[0xff] disabled)
[  +0.000000] ACPI: LAPIC (acpi_id[0xff] lapic_id[0xff] disabled)
[  +0.000000] ACPI: LAPIC (acpi_id[0xff] lapic_id[0xff] disabled)
[  +0.000000] ACPI: LAPIC (acpi_id[0xff] lapic_id[0xff] disabled)
[  +0.000000] ACPI: LAPIC (acpi_id[0xff] lapic_id[0xff] disabled)
[  +0.000000] ACPI: LAPIC (acpi_id[0xff] lapic_id[0xff] disabled)
[  +0.000000] ACPI: LAPIC (acpi_id[0xff] lapic_id[0xff] disabled)
[  +0.000000] ACPI: LAPIC (acpi_id[0xff] lapic_id[0xff] disabled)
[  +0.000000] ACPI: LAPIC (acpi_id[0xff] lapic_id[0xff] disabled)
[  +0.000000] ACPI: LAPIC (acpi_id[0xff] lapic_id[0xff] disabled)
[  +0.000000] ACPI: LAPIC (acpi_id[0xff] lapic_id[0xff] disabled)
[  +0.000000] ACPI: LAPIC (acpi_id[0xff] lapic_id[0xff] disabled)
[  +0.000000] ACPI: LAPIC (acpi_id[0xff] lapic_id[0xff] disabled)
[  +0.000000] ACPI: LAPIC (acpi_id[0xff] lapic_id[0xff] disabled)
[  +0.000000] ACPI: LAPIC (acpi_id[0xff] lapic_id[0xff] disabled)
[  +0.000000] ACPI: LAPIC (acpi_id[0xff] lapic_id[0xff] disabled)
[  +0.000000] ACPI: LAPIC (acpi_id[0xff] lapic_id[0xff] disabled)
[  +0.000000] ACPI: LAPIC (acpi_id[0xff] lapic_id[0xff] disabled)
[  +0.000000] ACPI: LAPIC (acpi_id[0xff] lapic_id[0xff] disabled)
[  +0.000000] ACPI: LAPIC (acpi_id[0xff] lapic_id[0xff] disabled)
[  +0.000000] ACPI: X2APIC (apic_id[0xffffffff] uid[0x00] disabled)
[  +0.000000] ACPI: X2APIC (apic_id[0xffffffff] uid[0x01] disabled)
[  +0.000000] ACPI: X2APIC (apic_id[0xffffffff] uid[0x02] disabled)
[  +0.000000] ACPI: X2APIC (apic_id[0xffffffff] uid[0x03] disabled)
[  +0.000000] ACPI: X2APIC (apic_id[0xffffffff] uid[0x04] disabled)
[  +0.000000] ACPI: X2APIC (apic_id[0xffffffff] uid[0x05] disabled)
[  +0.000000] ACPI: X2APIC (apic_id[0xffffffff] uid[0x06] disabled)
[  +0.000000] ACPI: X2APIC (apic_id[0xffffffff] uid[0x07] disabled)
[  +0.000000] ACPI: X2APIC (apic_id[0xffffffff] uid[0x08] disabled)
[  +0.000000] ACPI: X2APIC (apic_id[0xffffffff] uid[0x09] disabled)
[  +0.000000] ACPI: X2APIC (apic_id[0xffffffff] uid[0x0a] disabled)
[  +0.000000] ACPI: X2APIC (apic_id[0xffffffff] uid[0x0b] disabled)
[  +0.000000] ACPI: X2APIC (apic_id[0xffffffff] uid[0x0c] disabled)
[  +0.000000] ACPI: X2APIC (apic_id[0xffffffff] uid[0x0d] disabled)
[  +0.000000] ACPI: X2APIC (apic_id[0xffffffff] uid[0x0e] disabled)
[  +0.000000] ACPI: X2APIC (apic_id[0xffffffff] uid[0x0f] disabled)
[  +0.000000] ACPI: X2APIC (apic_id[0xffffffff] uid[0x10] disabled)
[  +0.000000] ACPI: X2APIC (apic_id[0xffffffff] uid[0x11] disabled)
[  +0.000000] ACPI: X2APIC (apic_id[0xffffffff] uid[0x12] disabled)
[  +0.000000] ACPI: X2APIC (apic_id[0xffffffff] uid[0x13] disabled)
[  +0.000000] ACPI: X2APIC (apic_id[0xffffffff] uid[0x14] disabled)
[  +0.000000] ACPI: X2APIC (apic_id[0xffffffff] uid[0x15] disabled)
[  +0.000000] ACPI: X2APIC (apic_id[0xffffffff] uid[0x16] disabled)
[  +0.000000] ACPI: X2APIC (apic_id[0xffffffff] uid[0x17] disabled)
[  +0.000000] ACPI: X2APIC (apic_id[0xffffffff] uid[0x18] disabled)
[  +0.000000] ACPI: X2APIC (apic_id[0xffffffff] uid[0x19] disabled)
[  +0.000000] ACPI: X2APIC (apic_id[0xffffffff] uid[0x1a] disabled)
[  +0.000000] ACPI: X2APIC (apic_id[0xffffffff] uid[0x1b] disabled)
[  +0.000000] ACPI: X2APIC (apic_id[0xffffffff] uid[0x1c] disabled)
[  +0.000000] ACPI: X2APIC (apic_id[0xffffffff] uid[0x1d] disabled)
[  +0.000000] ACPI: X2APIC (apic_id[0xffffffff] uid[0x1e] disabled)
[  +0.000000] ACPI: X2APIC (apic_id[0xffffffff] uid[0x1f] disabled)
[  +0.000000] ACPI: X2APIC (apic_id[0xffffffff] uid[0x20] disabled)
[  +0.000000] ACPI: X2APIC (apic_id[0xffffffff] uid[0x21] disabled)
[  +0.000000] ACPI: X2APIC (apic_id[0xffffffff] uid[0x22] disabled)
[  +0.000000] ACPI: X2APIC (apic_id[0xffffffff] uid[0x23] disabled)
[  +0.000000] ACPI: X2APIC (apic_id[0xffffffff] uid[0x24] disabled)
[  +0.000000] ACPI: X2APIC (apic_id[0xffffffff] uid[0x25] disabled)
[  +0.000000] ACPI: X2APIC (apic_id[0xffffffff] uid[0x26] disabled)
[  +0.000000] ACPI: X2APIC (apic_id[0xffffffff] uid[0x27] disabled)
[  +0.000000] ACPI: X2APIC (apic_id[0xffffffff] uid[0x28] disabled)
[  +0.000000] ACPI: X2APIC (apic_id[0xffffffff] uid[0x29] disabled)
[  +0.000000] ACPI: X2APIC (apic_id[0xffffffff] uid[0x2a] disabled)
[  +0.000000] ACPI: X2APIC (apic_id[0xffffffff] uid[0x2b] disabled)
[  +0.000000] ACPI: X2APIC (apic_id[0xffffffff] uid[0x2c] disabled)
[  +0.000000] ACPI: X2APIC (apic_id[0xffffffff] uid[0x2d] disabled)
[  +0.000000] ACPI: X2APIC (apic_id[0xffffffff] uid[0x2e] disabled)
[  +0.000000] ACPI: X2APIC (apic_id[0xffffffff] uid[0x2f] disabled)
[  +0.000000] ACPI: X2APIC (apic_id[0xffffffff] uid[0x30] disabled)
[  +0.000000] ACPI: X2APIC (apic_id[0xffffffff] uid[0x31] disabled)
[  +0.000000] ACPI: X2APIC (apic_id[0xffffffff] uid[0x32] disabled)
[  +0.000000] ACPI: X2APIC (apic_id[0xffffffff] uid[0x33] disabled)
[  +0.000000] ACPI: X2APIC (apic_id[0xffffffff] uid[0x34] disabled)
[  +0.000000] ACPI: X2APIC (apic_id[0xffffffff] uid[0x35] disabled)
[  +0.000000] ACPI: X2APIC (apic_id[0xffffffff] uid[0x36] disabled)
[  +0.000000] ACPI: X2APIC (apic_id[0xffffffff] uid[0x37] disabled)
[  +0.000000] ACPI: X2APIC (apic_id[0xffffffff] uid[0x38] disabled)
[  +0.000000] ACPI: X2APIC (apic_id[0xffffffff] uid[0x39] disabled)
[  +0.000000] ACPI: X2APIC (apic_id[0xffffffff] uid[0x3a] disabled)
[  +0.000000] ACPI: X2APIC (apic_id[0xffffffff] uid[0x3b] disabled)
[  +0.000000] ACPI: X2APIC (apic_id[0xffffffff] uid[0x3c] disabled)
[  +0.000000] ACPI: X2APIC (apic_id[0xffffffff] uid[0x3d] disabled)
[  +0.000000] ACPI: X2APIC (apic_id[0xffffffff] uid[0x3e] disabled)
[  +0.000000] ACPI: X2APIC (apic_id[0xffffffff] uid[0x3f] disabled)
[  +0.000000] ACPI: X2APIC (apic_id[0xffffffff] uid[0x40] disabled)
[  +0.000000] ACPI: X2APIC (apic_id[0xffffffff] uid[0x41] disabled)
[  +0.000000] ACPI: X2APIC (apic_id[0xffffffff] uid[0x42] disabled)
[  +0.000000] ACPI: X2APIC (apic_id[0xffffffff] uid[0x43] disabled)
[  +0.000000] ACPI: X2APIC (apic_id[0xffffffff] uid[0x44] disabled)
[  +0.000000] ACPI: X2APIC (apic_id[0xffffffff] uid[0x45] disabled)
[  +0.000000] ACPI: X2APIC (apic_id[0xffffffff] uid[0x46] disabled)
[  +0.000000] ACPI: X2APIC (apic_id[0xffffffff] uid[0x47] disabled)
[  +0.000000] ACPI: X2APIC (apic_id[0xffffffff] uid[0x48] disabled)
[  +0.000000] ACPI: X2APIC (apic_id[0xffffffff] uid[0x49] disabled)
[  +0.000000] ACPI: X2APIC (apic_id[0xffffffff] uid[0x4a] disabled)
[  +0.000000] ACPI: X2APIC (apic_id[0xffffffff] uid[0x4b] disabled)
[  +0.000000] ACPI: X2APIC (apic_id[0xffffffff] uid[0x4c] disabled)
[  +0.000000] ACPI: X2APIC (apic_id[0xffffffff] uid[0x4d] disabled)
[  +0.000000] ACPI: X2APIC (apic_id[0xffffffff] uid[0x4e] disabled)
[  +0.000000] ACPI: X2APIC (apic_id[0xffffffff] uid[0x4f] disabled)
[  +0.000000] ACPI: X2APIC (apic_id[0xffffffff] uid[0x50] disabled)
[  +0.000000] ACPI: X2APIC (apic_id[0xffffffff] uid[0x51] disabled)
[  +0.000000] ACPI: X2APIC (apic_id[0xffffffff] uid[0x52] disabled)
[  +0.000000] ACPI: X2APIC (apic_id[0xffffffff] uid[0x53] disabled)
[  +0.000000] ACPI: X2APIC (apic_id[0xffffffff] uid[0x54] disabled)
[  +0.000000] ACPI: X2APIC (apic_id[0xffffffff] uid[0x55] disabled)
[  +0.000000] ACPI: X2APIC (apic_id[0xffffffff] uid[0x56] disabled)
[  +0.000000] ACPI: X2APIC (apic_id[0xffffffff] uid[0x57] disabled)
[  +0.000000] ACPI: X2APIC (apic_id[0xffffffff] uid[0x58] disabled)
[  +0.000000] ACPI: X2APIC (apic_id[0xffffffff] uid[0x59] disabled)
[  +0.000000] ACPI: X2APIC (apic_id[0xffffffff] uid[0x5a] disabled)
[  +0.000000] ACPI: X2APIC (apic_id[0xffffffff] uid[0x5b] disabled)
[  +0.000000] ACPI: X2APIC (apic_id[0xffffffff] uid[0x5c] disabled)
[  +0.000000] ACPI: X2APIC (apic_id[0xffffffff] uid[0x5d] disabled)
[  +0.000000] ACPI: X2APIC (apic_id[0xffffffff] uid[0x5e] disabled)
[  +0.000000] ACPI: X2APIC (apic_id[0xffffffff] uid[0x5f] disabled)
[  +0.000000] ACPI: X2APIC (apic_id[0xffffffff] uid[0x60] disabled)
[  +0.000000] ACPI: X2APIC (apic_id[0xffffffff] uid[0x61] disabled)
[  +0.000000] ACPI: X2APIC (apic_id[0xffffffff] uid[0x62] disabled)
[  +0.000000] ACPI: X2APIC (apic_id[0xffffffff] uid[0x63] disabled)
[  +0.000000] ACPI: X2APIC (apic_id[0xffffffff] uid[0x64] disabled)
[  +0.000000] ACPI: X2APIC (apic_id[0xffffffff] uid[0x65] disabled)
[  +0.000000] ACPI: X2APIC (apic_id[0xffffffff] uid[0x66] disabled)
[  +0.000000] ACPI: X2APIC (apic_id[0xffffffff] uid[0x67] disabled)
[  +0.000000] ACPI: X2APIC (apic_id[0xffffffff] uid[0x68] disabled)
[  +0.000000] ACPI: X2APIC (apic_id[0xffffffff] uid[0x69] disabled)
[  +0.000000] ACPI: X2APIC (apic_id[0xffffffff] uid[0x6a] disabled)
[  +0.000000] ACPI: X2APIC (apic_id[0xffffffff] uid[0x6b] disabled)
[  +0.000000] ACPI: X2APIC (apic_id[0xffffffff] uid[0x6c] disabled)
[  +0.000000] ACPI: X2APIC (apic_id[0xffffffff] uid[0x6d] disabled)
[  +0.000000] ACPI: X2APIC (apic_id[0xffffffff] uid[0x6e] disabled)
[  +0.000000] ACPI: X2APIC (apic_id[0xffffffff] uid[0x6f] disabled)
[  +0.000000] ACPI: X2APIC (apic_id[0xffffffff] uid[0x70] disabled)
[  +0.000000] ACPI: X2APIC (apic_id[0xffffffff] uid[0x71] disabled)
[  +0.000000] ACPI: X2APIC (apic_id[0xffffffff] uid[0x72] disabled)
[  +0.000000] ACPI: X2APIC (apic_id[0xffffffff] uid[0x73] disabled)
[  +0.000000] ACPI: X2APIC (apic_id[0xffffffff] uid[0x74] disabled)
[  +0.000000] ACPI: X2APIC (apic_id[0xffffffff] uid[0x75] disabled)
[  +0.000000] ACPI: X2APIC (apic_id[0xffffffff] uid[0x76] disabled)
[  +0.000000] ACPI: X2APIC (apic_id[0xffffffff] uid[0x77] disabled)
[  +0.000000] ACPI: X2APIC (apic_id[0xffffffff] uid[0x78] disabled)
[  +0.000000] ACPI: X2APIC (apic_id[0xffffffff] uid[0x79] disabled)
[  +0.000000] ACPI: X2APIC (apic_id[0xffffffff] uid[0x7a] disabled)
[  +0.000000] ACPI: X2APIC (apic_id[0xffffffff] uid[0x7b] disabled)
[  +0.000000] ACPI: X2APIC (apic_id[0xffffffff] uid[0x7c] disabled)
[  +0.000000] ACPI: X2APIC (apic_id[0xffffffff] uid[0x7d] disabled)
[  +0.000000] ACPI: X2APIC (apic_id[0xffffffff] uid[0x7e] disabled)
[  +0.000000] ACPI: X2APIC (apic_id[0xffffffff] uid[0x7f] disabled)
[  +0.000000] ACPI: X2APIC (apic_id[0xffffffff] uid[0x80] disabled)
[  +0.000000] ACPI: X2APIC (apic_id[0xffffffff] uid[0x81] disabled)
[  +0.000000] ACPI: X2APIC (apic_id[0xffffffff] uid[0x82] disabled)
[  +0.000000] ACPI: X2APIC (apic_id[0xffffffff] uid[0x83] disabled)
[  +0.000000] ACPI: X2APIC (apic_id[0xffffffff] uid[0x84] disabled)
[  +0.000000] ACPI: X2APIC (apic_id[0xffffffff] uid[0x85] disabled)
[  +0.000000] ACPI: X2APIC (apic_id[0xffffffff] uid[0x86] disabled)
[  +0.000000] ACPI: X2APIC (apic_id[0xffffffff] uid[0x87] disabled)
[  +0.000000] ACPI: X2APIC (apic_id[0xffffffff] uid[0x88] disabled)
[  +0.000000] ACPI: X2APIC (apic_id[0xffffffff] uid[0x89] disabled)
[  +0.000000] ACPI: X2APIC (apic_id[0xffffffff] uid[0x8a] disabled)
[  +0.000000] ACPI: X2APIC (apic_id[0xffffffff] uid[0x8b] disabled)
[  +0.000000] ACPI: X2APIC (apic_id[0xffffffff] uid[0x8c] disabled)
[  +0.000000] ACPI: X2APIC (apic_id[0xffffffff] uid[0x8d] disabled)
[  +0.000000] ACPI: X2APIC (apic_id[0xffffffff] uid[0x8e] disabled)
[  +0.000000] ACPI: X2APIC (apic_id[0xffffffff] uid[0x8f] disabled)
[  +0.000000] ACPI: X2APIC (apic_id[0xffffffff] uid[0x90] disabled)
[  +0.000000] ACPI: X2APIC (apic_id[0xffffffff] uid[0x91] disabled)
[  +0.000000] ACPI: X2APIC (apic_id[0xffffffff] uid[0x92] disabled)
[  +0.000000] ACPI: X2APIC (apic_id[0xffffffff] uid[0x93] disabled)
[  +0.000000] ACPI: X2APIC (apic_id[0xffffffff] uid[0x94] disabled)
[  +0.000000] ACPI: X2APIC (apic_id[0xffffffff] uid[0x95] disabled)
[  +0.000000] ACPI: X2APIC (apic_id[0xffffffff] uid[0x96] disabled)
[  +0.000000] ACPI: X2APIC (apic_id[0xffffffff] uid[0x97] disabled)
[  +0.000000] ACPI: X2APIC (apic_id[0xffffffff] uid[0x98] disabled)
[  +0.000000] ACPI: X2APIC (apic_id[0xffffffff] uid[0x99] disabled)
[  +0.000000] ACPI: X2APIC (apic_id[0xffffffff] uid[0x9a] disabled)
[  +0.000000] ACPI: X2APIC (apic_id[0xffffffff] uid[0x9b] disabled)
[  +0.000000] ACPI: X2APIC (apic_id[0xffffffff] uid[0x9c] disabled)
[  +0.000000] ACPI: X2APIC (apic_id[0xffffffff] uid[0x9d] disabled)
[  +0.000000] ACPI: X2APIC (apic_id[0xffffffff] uid[0x9e] disabled)
[  +0.000000] ACPI: X2APIC (apic_id[0xffffffff] uid[0x9f] disabled)
[  +0.000000] ACPI: X2APIC (apic_id[0xffffffff] uid[0xa0] disabled)
[  +0.000000] ACPI: X2APIC (apic_id[0xffffffff] uid[0xa1] disabled)
[  +0.000000] ACPI: X2APIC (apic_id[0xffffffff] uid[0xa2] disabled)
[  +0.000000] ACPI: X2APIC (apic_id[0xffffffff] uid[0xa3] disabled)
[  +0.000000] ACPI: X2APIC (apic_id[0xffffffff] uid[0xa4] disabled)
[  +0.000000] ACPI: X2APIC (apic_id[0xffffffff] uid[0xa5] disabled)
[  +0.000000] ACPI: X2APIC (apic_id[0xffffffff] uid[0xa6] disabled)
[  +0.000000] ACPI: X2APIC (apic_id[0xffffffff] uid[0xa7] disabled)
[  +0.000000] ACPI: X2APIC (apic_id[0xffffffff] uid[0xa8] disabled)
[  +0.000000] ACPI: X2APIC (apic_id[0xffffffff] uid[0xa9] disabled)
[  +0.000000] ACPI: X2APIC (apic_id[0xffffffff] uid[0xaa] disabled)
[  +0.000000] ACPI: X2APIC (apic_id[0xffffffff] uid[0xab] disabled)
[  +0.000000] ACPI: X2APIC (apic_id[0xffffffff] uid[0xac] disabled)
[  +0.000000] ACPI: X2APIC (apic_id[0xffffffff] uid[0xad] disabled)
[  +0.000000] ACPI: X2APIC (apic_id[0xffffffff] uid[0xae] disabled)
[  +0.000000] ACPI: X2APIC (apic_id[0xffffffff] uid[0xaf] disabled)
[  +0.000000] ACPI: X2APIC (apic_id[0xffffffff] uid[0xb0] disabled)
[  +0.000000] ACPI: X2APIC (apic_id[0xffffffff] uid[0xb1] disabled)
[  +0.000000] ACPI: X2APIC (apic_id[0xffffffff] uid[0xb2] disabled)
[  +0.000000] ACPI: X2APIC (apic_id[0xffffffff] uid[0xb3] disabled)
[  +0.000000] ACPI: X2APIC (apic_id[0xffffffff] uid[0xb4] disabled)
[  +0.000000] ACPI: X2APIC (apic_id[0xffffffff] uid[0xb5] disabled)
[  +0.000000] ACPI: X2APIC (apic_id[0xffffffff] uid[0xb6] disabled)
[  +0.000000] ACPI: X2APIC (apic_id[0xffffffff] uid[0xb7] disabled)
[  +0.000000] ACPI: X2APIC (apic_id[0xffffffff] uid[0xb8] disabled)
[  +0.000000] ACPI: X2APIC (apic_id[0xffffffff] uid[0xb9] disabled)
[  +0.000000] ACPI: X2APIC (apic_id[0xffffffff] uid[0xba] disabled)
[  +0.000000] ACPI: X2APIC (apic_id[0xffffffff] uid[0xbb] disabled)
[  +0.000000] ACPI: X2APIC (apic_id[0xffffffff] uid[0xbc] disabled)
[  +0.000000] ACPI: X2APIC (apic_id[0xffffffff] uid[0xbd] disabled)
[  +0.000000] ACPI: X2APIC (apic_id[0xffffffff] uid[0xbe] disabled)
[  +0.000000] ACPI: X2APIC (apic_id[0xffffffff] uid[0xbf] disabled)
[  +0.000000] ACPI: X2APIC (apic_id[0xffffffff] uid[0xc0] disabled)
[  +0.000000] ACPI: X2APIC (apic_id[0xffffffff] uid[0xc1] disabled)
[  +0.000000] ACPI: X2APIC (apic_id[0xffffffff] uid[0xc2] disabled)
[  +0.000000] ACPI: X2APIC (apic_id[0xffffffff] uid[0xc3] disabled)
[  +0.000000] ACPI: X2APIC (apic_id[0xffffffff] uid[0xc4] disabled)
[  +0.000000] ACPI: X2APIC (apic_id[0xffffffff] uid[0xc5] disabled)
[  +0.000000] ACPI: X2APIC (apic_id[0xffffffff] uid[0xc6] disabled)
[  +0.000000] ACPI: X2APIC (apic_id[0xffffffff] uid[0xc7] disabled)
[  +0.000000] ACPI: X2APIC (apic_id[0xffffffff] uid[0xc8] disabled)
[  +0.000000] ACPI: X2APIC (apic_id[0xffffffff] uid[0xc9] disabled)
[  +0.000000] ACPI: X2APIC (apic_id[0xffffffff] uid[0xca] disabled)
[  +0.000000] ACPI: X2APIC (apic_id[0xffffffff] uid[0xcb] disabled)
[  +0.000000] ACPI: X2APIC (apic_id[0xffffffff] uid[0xcc] disabled)
[  +0.000000] ACPI: X2APIC (apic_id[0xffffffff] uid[0xcd] disabled)
[  +0.000000] ACPI: X2APIC (apic_id[0xffffffff] uid[0xce] disabled)
[  +0.000000] ACPI: X2APIC (apic_id[0xffffffff] uid[0xcf] disabled)
[  +0.000000] ACPI: X2APIC (apic_id[0xffffffff] uid[0xd0] disabled)
[  +0.000000] ACPI: X2APIC (apic_id[0xffffffff] uid[0xd1] disabled)
[  +0.000000] ACPI: X2APIC (apic_id[0xffffffff] uid[0xd2] disabled)
[  +0.000000] ACPI: X2APIC (apic_id[0xffffffff] uid[0xd3] disabled)
